CRICKET NNP I-NP O O
- : O O O
AUSTRALIA NNP I-NP I-LOC O
BEAT NN I-INTJ O O
WEST NNP I-NP I-LOC O
INDIES NNP I-NP I-LOC O
BY NNP I-NP O O
FIVE CD I-NP O O
WICKETS NNS I-NP O O
Lara NNP I-NP I-PER I-PER
, , O O O
who WP I-NP O O
earned VBD I-VP O O
a DT I-NP O O
stern JJ I-NP O O
rebuke NN I-NP O O
from IN I-PP O O
his PRP$ I-NP O O
own JJ I-NP O O
tour NN I-NP O O
management NN I-NP O O
after IN I-PP O O
an DT I-NP O O
angry JJ I-NP O O
outburst NN I-NP O O
against IN I-PP O O
Australia NNP I-NP I-LOC I-LOC
wicketkeeper NN I-NP O O
Ian NNP I-NP I-PER I-PER
Healy NNP I-NP I-PER I-PER
, , O O O
scored VBD I-VP O O
five CD I-NP O O
to TO I-VP O O
prolong VB I-VP O O
a DT I-NP O O
run NN I-NP O O
of IN I-PP O O
poor JJ I-NP O O
form NN I-NP O O
with IN I-PP O O
the DT I-NP O O
bat NN I-NP O O
West NNP I-NP I-LOC I-LOC
Indies NNP I-NP I-LOC I-PER
were VBD I-VP O O
53 CD I-NP O O
for IN I-PP O O
two CD I-NP O O
in IN I-PP O O
15 CD I-NP O O
overs NNS I-NP O O
when WRB I-ADVP O O
rain NN I-NP O O
stopped VBD I-VP O O
play VB I-VP O O
at IN I-PP O O
the DT I-NP O O
Melbourne NNP I-NP I-LOC I-PER
Cricket NNP I-NP I-LOC I-PER
Ground NNP I-NP I-LOC I-PER
after IN I-PP O O
captain NN I-NP O O
Courtney NNP I-NP I-PER I-PER
Walsh NNP I-NP I-PER I-PER
won VBD I-VP O O
the DT I-NP O O
toss VB I-VP O O
and CC I-VP O O
elected VBN I-VP O O
to TO I-VP O O
bat VB I-VP O O
On IN I-PP O O
several JJ I-NP O O
occasions NNS I-NP O O
during IN I-PP O O
his PRP$ I-NP O O
innings NNS I-NP O O
, , O O O
the DT I-NP O O
crowd NN I-NP O O
joined VBD I-VP O O
together RB I-ADVP O O
in IN I-PP O O
a DT I-NP O O
series NN I-NP O O
of IN I-PP O O
obscene JJ I-NP O O
chants NNS I-NP O O
against IN I-PP O O
him PRP I-NP O O
Lara NNP I-NP I-PER I-PER
, , O O O
who WP I-NP O O
holds VBZ I-VP O O
the DT I-NP O O
record NN I-NP O O
for IN I-PP O O
the DT I-NP O O
highest JJS I-NP O O
score NN I-NP O O
in IN I-PP O O
test NN I-NP O O
and CC O O O
first-class JJ I-NP O O
cricket NN I-NP O O
, , O O O
was VBD I-VP O O
unhappy JJ I-ADJP O O
about IN I-PP O O
Healy NNP I-NP I-PER I-PER
's POS B-NP O O
role NN I-NP O O
in IN I-PP O O
the DT I-NP O O
incident NN I-NP O O
and CC O O O
questioned VBD I-VP O O
whether IN I-SBAR O O
the DT I-NP O O
ball NN I-NP O O
had VBD I-VP O O
carried VBN I-VP O O
to TO I-PP O O
the DT I-NP O O
Australia NNP I-NP I-LOC I-LOC
keeper NN I-NP O O
Australia NNP I-NP I-LOC I-LOC
went VBD I-VP O O
on RP I-PRT O O
to TO I-VP O O
win VB I-VP O O
the DT I-NP O O
match NN I-NP O O
at IN I-PP O O
the DT I-NP O O
Sydney NNP I-NP I-LOC I-PER
Cricket NNP I-NP I-LOC I-PER
Ground NNP I-NP I-LOC I-PER
by IN I-PP O O
124 CD I-NP O O
runs VBZ I-VP O O
to TO I-VP O O
take VB I-VP O O
a DT I-NP O O
two-nil JJ I-NP O O
lead NN I-NP O O
in IN I-PP O O
the DT I-NP O O
five-test JJ I-NP O O
series NN I-NP O O
after IN I-PP O O
Lara NNP I-NP I-PER I-PER
failed VBD I-VP O O
in IN I-PP O O
both DT I-NP O O
innings NN I-NP O O
Results NNS I-NP O O
in IN I-PP O O
last JJ I-NP O O
of IN I-PP O O
the DT I-NP O O
group NN I-NP O O
matches VBZ I-VP O O
at IN I-PP O O
the DT I-NP O O
World NNP I-NP I-MISC I-MISC
Grand NNP I-NP I-MISC I-MISC
Prix NNP I-NP I-MISC I-MISC
badminton NN I-NP O O
finals NNS I-NP O O
on IN I-PP O O
Friday NNP I-NP O O
Group NNP I-NP O I-PER
Allan NNP I-NP I-PER I-PER
Budi NNP I-NP I-PER I-PER
Kuksuma NNP I-NP I-PER I-PER
( ( O O O
Indonesia NNP O I-LOC I-LOC
) ) O O O
beat VB I-VP O O
Poul-Erik NNP I-NP I-PER I-PER
Hoyer-Larsen NNP I-NP I-PER I-PER
( ( O O O
Denmark NNP I-NP I-LOC I-LOC
) ) O O O
15-7 CD I-ADVP O O
Budi NNP I-NP I-PER I-PER
Santoso NNP I-NP I-PER I-PER
( ( O O O
Indonesia NNP O I-LOC I-LOC
) ) O O O
beat VB I-VP O O
Hu NNP I-NP I-PER I-PER
Zhilan NNP I-NP I-PER I-PER
( ( O O O
China NNP I-NP I-LOC I-LOC
) ) O O O
15-4 JJ I-NP O O
Group NNP I-NP O I-PER
NEW NNP I-NP I-LOC I-LOC
YORK NNP I-NP I-LOC I-LOC
League NNP I-NP I-ORG I-MISC
teams NNS I-NP O O
after IN I-SBAR O O
games NNS I-NP O O
played VBN I-VP O O
on IN I-PP O O
Thursday NNP I-NP O O
( ( O O O
tabulate NN I-NP O O
NORTHEAST NN I-NP O O
W NNP I-NP O O
L NNP I-NP O O
T NNP I-NP O O
GF NNP I-NP O O
GA NNP I-NP O O
CENTRAL NNP I-NP I-MISC O
W NNP I-NP O O
L NNP I-NP O O
T NNP I-NP O O
GF NNP I-NP O O
GA NNP I-NP O O
ST PRP I-NP I-ORG O
LOUIS VBZ I-VP I-ORG O
13 CD I-NP O O
14 CD I-NP O O
0 CD I-NP O O
78 CD I-NP O O
81 CD I-NP O O
LOS NNP I-NP I-ORG O
ANGELES NNP I-NP I-ORG O
11 CD I-NP O O
13 CD I-NP O O
3 CD I-NP O O
72 CD I-NP O O
83 CD B-NP O O
MONTREAL NNP I-NP I-ORG O
AT NNP I-NP O O
NEW NNP I-NP I-LOC I-LOC
YORK NNP I-NP I-LOC I-LOC
NEW NNP I-NP I-ORG I-LOC
JERSEY NNP I-NP I-ORG O
2 CD I-NP O O
Calgary NNP I-NP I-ORG I-PER
NFL NNP I-NP I-ORG O
AMERICAN NNP I-NP O O
FOOTBALL-COLTS NNS I-NP O O
CLOBBER NNP I-NP O O
EAGLES NNP I-NP I-ORG O
TO TO I-PP O O
STAY NNP I-NP O O
IN IN I-PP O O
PLAYOFF NN I-NP O O
HUNT NN I-NP O O
INDIANAPOLIS NNP I-NP I-LOC O
Paul NNP I-NP I-PER I-PER
Justin NNP I-NP I-PER I-PER
, , O O O
starting VBG I-VP O O
for IN I-PP O O
the DT I-NP O O
sidelined VBN I-VP O O
Jim NNP I-NP I-PER I-PER
Harbaugh NNP I-NP I-PER I-PER
, , O O O
was VBD I-VP O O
14-of-23 CD I-NP O O
for IN I-PP O O
144 CD I-NP O O
yards NNS I-NP O O
and CC O O O
a DT I-NP O O
touchdown NN I-NP O O
for IN I-PP O O
the DT I-NP O O
the DT I-NP O O
Colts NNP I-NP I-ORG I-PER
, , O O O
who WP I-NP O O
played VBD I-VP O O
their PRP$ I-NP O O
last JJ I-NP O O
home NN I-NP O O
game NN I-NP O O
of IN I-PP O O
the DT I-NP O O
season NN I-NP O O
NBA NNP I-NP I-ORG O
BASKETBALL NNP I-NP O O
- : O O O
STANDINGS NNP I-NP O O
AFTER NNP I-NP O O
THURSDAY NNP I-NP O O
'S POS B-NP O O
GAMES NNS I-NP O O
Basketball NNP I-NP I-ORG I-PER
Association NNP I-NP I-ORG I-PER
teams NNS I-NP O O
after IN I-SBAR O O
games NNS I-NP O O
played VBN I-VP O O
on IN I-PP O O
EASTERN NNP I-NP O O
ATLANTIC NN I-NP I-LOC O
DETROIT VBG I-VP I-ORG O
13 CD I-NP O O
3 CD I-NP O O
.813 CD I-NP O O
CLEVELAND NNP I-NP I-ORG O
11 CD I-NP O O
5 CD I-NP O O
.688 CD I-NP O O
INDIANA VBG I-VP I-ORG O
7 CD I-NP O O
8 CD I-NP O O
.467 CD I-NP O O
8 CD I-NP O O
UTAH NNP I-NP I-ORG O
14 CD I-NP O O
2 CD I-NP O O
.875 CD I-NP O O
MINNESOTA NNP I-NP I-ORG I-ORG
7 CD I-NP O O
10 CD I-NP O O
.412 CD I-NP O O
8 CD I-NP O O
PORTLAND NNP I-NP I-ORG O
11 CD I-NP O O
8 CD I-NP O O
.579 CD I-NP O O
3 CD I-NP O O
SACRAMENTO NNP I-NP I-ORG O
6 CD I-NP O O
12 CD I-NP O O
.333 CD I-NP O O
PHOENIX NNS I-NP I-ORG O
2 CD I-NP O O
14 CD I-NP O O
.125 CD I-NP O O
NEW NNP I-NP I-ORG I-LOC
YORK NNP I-NP I-ORG I-LOC
AT NNP I-NP O O
National NNP I-NP I-ORG I-ORG
Football NNP I-NP I-ORG I-PER
NEW NNP I-NP I-ORG I-LOC
ENGLAND NNP I-NP I-ORG I-LOC
9 CD I-NP O O
4 CD I-NP O O
0 CD I-NP O O
355 CD I-NP O O
MIAMI NNP I-NP I-ORG O
6 CD I-NP O O
7 CD I-NP O O
0 CD I-NP O O
285 CD I-NP O O
WESTERN NNP I-NP O O
X-DENVER NNP I-NP I-MISC O
12 CD I-NP O O
1 CD I-NP O O
0 CD I-NP O O
351 CD I-NP O O
SAN NNP I-NP I-ORG I-LOC
DIEGO NNP I-NP I-ORG O
7 CD I-NP O O
6 CD I-NP O O
0 CD I-NP O O
277 CD I-NP O O
WESTERN NNP I-NP O O
W NNP I-NP O O
L NNP I-NP O O
T NNP I-NP O O
PF NNP I-NP O O
WASHINGTON NNP I-NP I-ORG O
AT NNP I-NP O O
TAMPA NNP I-NP I-LOC O
BUFFALO NNP I-NP I-ORG O
AT NNP I-NP O O
MINNESOTA NNP I-NP I-ORG I-ORG
AT NNP I-NP O O
Last JJ I-NP O O
year NN I-NP O O
, , O O O
Pace NNP I-NP I-PER I-PER
became VBD I-VP O O
the DT I-NP O O
first JJ I-NP O O
sophomore NN I-NP O O
to TO I-VP O O
win VB I-VP O O
the DT I-NP O O
award NN I-NP O O
since IN I-PP O O
its PRP$ I-NP O O
inception NN I-NP O O
in IN I-PP O O
1970 CD I-NP O O
Utrecht NNP I-NP I-ORG I-PER
18 CD I-NP O O
4 CD I-NP O O
10 CD I-NP O O
4 CD I-NP O O
26 CD B-NP O O
24 CD I-NP O O
NEC NNP I-NP I-ORG O
Nijmegen NNP I-NP I-ORG I-PER
18 CD I-NP O O
3 CD I-NP O O
7 CD I-NP O O
8 CD I-NP O O
19 CD I-NP O O
32 CD I-NP O O
for IN I-PP O O
goals NNS I-NP O O
against IN I-PP O O
points NNS I-NP O O
) ) O O O
VfL NNP I-NP I-ORG I-PER
Bochum NNP I-NP I-ORG I-PER
16 CD I-NP O O
7 CD I-NP O O
6 CD I-NP O O
3 CD I-NP O O
23 CD I-NP O O
21 CD I-NP O O
Schalke FW I-NP I-ORG I-PER
04 CD I-NP I-ORG O
17 CD I-NP O O
7 CD I-NP O O
4 CD I-NP O O
6 CD I-NP O O
25 CD I-NP O O
26 CD B-NP O O
MSV NNP I-NP I-ORG O
Duisburg NNP I-NP I-ORG I-PER
16 CD I-NP O O
5 CD I-NP O O
4 CD I-NP O O
7 CD I-NP O O
16 CD I-NP O O
22 CD I-NP O O
Hamburger NNP I-NP I-ORG I-PER
SV $ I-NP I-ORG O
16 CD I-NP O O
4 CD I-NP O O
5 CD I-NP O O
7 CD I-NP O O
20 CD I-NP O O
25 CD I-NP O O
Arminia NNP I-NP I-ORG I-PER
Bielefeld NNP I-NP I-ORG I-PER
16 CD I-NP O O
4 CD I-NP O O
4 CD I-NP O O
8 CD I-NP O O
18 CD I-NP O O
28 CD I-NP O O
15,000 CD I-NP O O
70 CD I-NP O O
, , O O O
Phil NNP I-NP I-PER I-PER
Gray NNP I-NP I-PER I-PER
89 CD I-NP O O
) ) O O O
Halftime VB I-VP O O
0-1 NNP I-NP O O
division NN I-NP O O
after IN I-PP O O
Friday NNP I-NP O O
's POS B-NP O O
matches NNS I-NP O O
( ( O O O
tabulate NN I-NP O O
under IN I-PP O O
played JJ I-NP O O
, , O O O
won VBD I-VP O O
Bastia NNP I-NP I-ORG I-PER
20 CD I-NP O O
9 CD I-NP O O
6 CD I-NP O O
5 CD I-NP O O
27 CD I-NP O O
22 CD I-NP O O
SOCCER NN I-NP O O
- : O O O
FRENCH VB I-VP I-MISC O
LEAGUE NNP I-NP O O
RESULTS NNS I-NP O O
Results NNS I-NP O O
of IN I-PP O O
French JJ I-NP I-MISC I-MISC
first JJ I-NP O O
matches NNS I-NP O O
on IN I-PP O O
Friday NNP I-NP O O
Werder NNP I-NP I-ORG I-PER
Bremen NNP I-NP I-ORG I-PER
1 CD I-NP O O
( ( O O O
Bode NNP I-NP I-PER I-PER
85th CD I-NP O O
) ) O O O
1860 CD I-NP I-ORG O
Munich NNP I-NP I-ORG I-PER
1 CD I-NP O O
( ( O O O
Bormirow JJ I-NP I-PER I-PER
8th JJ I-NP O O
) ) O O O
Portugal NNP I-NP I-LOC I-PER
lead NN I-NP O O
European JJ I-NP I-MISC I-MISC
qualifying NN I-NP O O
group NN I-NP O O
nine CD I-NP O O
with IN I-PP O O
seven CD I-NP O O
points NNS I-NP O O
from IN I-PP O O
four CD I-NP O O
games NNS I-NP O O
, , O O O
one CD I-NP O O
more JJR I-NP O O
than IN I-SBAR O O
Ukraine NNP I-NP I-LOC I-LOC
and CC O O O
three CD I-NP O O
more JJR I-NP O O
than IN I-SBAR O O
Germany NNP I-NP I-LOC I-LOC
, , O O O
who WP I-NP O O
have VBP I-VP O O
only RB I-VP O O
played VBN I-VP O O
twice RB I-ADVP O O
To TO I-VP O O
win VB I-VP O O
: : O O O
6-5 JJ I-NP O O
Real NNP I-NP I-ORG I-PER
Madrid NNP I-NP I-ORG I-ORG
; : O O O
7-4 NNP I-NP O O
4-1 CD I-NP O O
40-1 JJ I-NP O O
4-1 CD I-NP O O
20-1 CD I-NP O O
Fernando NNP I-NP I-PER I-PER
Hierro NNP I-NP I-PER I-PER
20-1 NNP I-NP O O
Ivan NNP I-NP I-PER I-PER
40-1 JJ I-NP O O
Carlos NNP I-NP I-PER I-PER
Secretario NNP I-NP I-PER I-PER
28-1 NNP I-NP O O
Sergi NNP I-NP I-PER I-PER
40-1 JJ I-NP O O
Rafael NNP I-NP I-PER I-PER
Alkorta NNP B-NP I-PER I-PER
33-1 NNP I-NP O O
against IN I-PP O O
, , O O O
points VBZ I-VP O O
) ) O O O
Extremadura NNP I-NP I-ORG I-PER
15 CD I-NP O O
1 CD I-NP O O
3 CD I-NP O O
11 CD I-NP O O
8 CD I-NP O O
30 CD B-NP O O
In IN I-PP O O
an DT I-NP O O
interview NN I-NP O O
with IN I-PP O O
the DT I-NP O O
Italian JJ I-NP I-MISC I-MISC
newspaper NN I-NP O O
Gazzetta NNP I-NP I-ORG I-PER
dello DT I-NP I-ORG O
Sport NNP I-NP I-ORG I-PER
, , O O O
he PRP I-NP O O
was VBD I-VP O O
quoted VBN I-VP O O
as IN I-PP O O
saying VBG I-VP O O
Weah NNP I-NP I-PER I-PER
had VBD I-VP O O
been VBN I-VP O O
provoked VBN I-VP O O
into IN I-PP O O
the DT I-NP O O
assault NN I-NP O O
which WDT B-NP O O
left VBD I-VP O O
Costa NNP I-NP I-PER I-LOC
with IN I-PP O O
a DT I-NP O O
broken JJ I-NP O O
nose NN I-NP O O
" " O O O
The DT I-NP O O
four CD I-NP O O
Britons NNPS I-NP I-MISC I-PER
were VBD I-VP O O
shot VBN I-VP O O
at IN I-PP O O
from IN B-PP O O
a DT I-NP O O
Mercedes NNPS I-NP I-MISC I-PER
car NN I-NP O O
at IN I-PP O O
around IN I-NP O O
1 CD I-NP O O
a.m. NN I-NP O O
, , O O O
" " O O O
a DT I-NP O O
spokeswoman NN I-NP O O
told VBN I-VP O O
Reuters NNP I-NP I-ORG I-ORG
Italian NNP I-NP I-MISC I-MISC
Serie NNP I-NP B-MISC I-PER
A NNP I-NP I-MISC O
games NNS I-NP O O
to TO I-VP O O
be VB I-VP O O
played VBN I-VP O O
on IN I-PP O O
Sunday NNP I-NP O O
( ( O O O
league NN I-NP O O
positions NNS I-NP O O
in IN I-PP O O
parentheses NNS I-NP O O
, , O O O
all DT I-NP O O
kick- NNS I-NP O O
off IN I-PP O O
times NNS I-NP O O
GMT NNP O I-MISC I-MISC
) ) O O O
Cagliari NNP I-NP I-ORG I-PER
start VB I-VP O O
favourite VBP I-VP O O
in IN I-PP O O
this DT I-NP O O
relegation NN I-NP O O
scrap NN I-NP O O
following VBG I-PP O O
draws VBZ I-VP O O
with IN I-PP O O
Napoli NNP I-NP I-ORG I-PER
and CC I-NP O O
Inter NNP I-NP I-ORG I-ORG
in IN I-PP O O
last JJ I-NP O O
two CD I-NP O O
outings NNS I-NP O O
but CC O O O
will MD I-VP O O
be VB I-VP O O
without IN I-PP O O
suspended VBN I-NP O O
Swiss JJ I-NP I-MISC I-MISC
defender NN I-NP O O
Ramon NNP I-NP I-PER I-PER
Vega NNP I-NP I-PER I-PER
Lazio NNP I-NP I-ORG I-PER
( ( O O O
12 CD I-NP O O
) ) O O O
v JJ I-NP O O
AS NNP I-NP I-ORG O
Roma NNP I-NP I-ORG I-PER
( ( O O O
7 CD I-NP O O
) ) O O O
Verona NNP I-NP I-ORG I-PER
's POS B-NP O O
slim JJ I-NP O O
chances NNS I-NP O O
have VBP I-VP O O
been VBN I-VP O O
further RB I-VP O O
reduced VBN I-VP O O
by IN I-PP O O
a DT I-NP O O
knee NN I-NP O O
injury NN I-NP O O
to TO I-PP O O
their PRP$ I-NP O O
experienced VBD I-VP O O
midfielder JJR I-NP O O
Eugenio NNP I-NP I-PER I-PER
Corini NNP I-NP I-PER I-PER
Parma NNP I-NP I-ORG I-ORG
's POS B-NP O O
French JJ I-NP I-MISC I-MISC
midfielder NN I-NP O O
Daniel NNP I-NP I-PER I-PER
Bravo NNP I-NP I-PER I-PER
and CC O O O
defender NN I-NP O O
Fabio NNP I-NP I-PER I-PER
Cannavaro NNP I-NP I-PER I-PER
are VBP I-VP O O
suspended VBN I-VP O O
while IN I-SBAR O O
Argentine JJ I-NP I-MISC I-PER
Nestor NNP I-NP I-PER I-PER
Sensini NNP I-NP I-PER I-PER
is VBZ I-VP O O
out RP I-PRT O O
through IN I-PP O O
injury NN I-NP O O
Partizan NNP I-NP I-ORG I-PER
- : O O O
Dejan NNP I-NP I-PER I-PER
Koturovic NNP I-NP I-PER I-PER
SQUASH NNP I-NP O O
- : O O O
EYLES NNP I-NP I-PER O
WITHIN NNP I-NP O O
SIGHT VBP I-VP O O
OF IN I-PP O O
FIFTH IN I-PP O O
TITLE DT I-NP O O
OF IN I-NP O O
YEAR NNP I-NP O O
Peter NNP I-NP I-PER I-PER
Nicol NNP I-NP I-PER I-PER
( ( O O O
Scotland NNP I-NP I-LOC I-LOC
) ) O O O
beat VB I-VP O O
Simon NNP I-NP I-PER I-PER
Parke NNP I-NP I-PER I-PER
( ( O O O
England NNP I-NP I-LOC I-LOC
) ) O O O
15-7 CD I-ADVP O O
15-12 CD I-NP O O
15-12 CD B-NP O O
Rodney NNP I-NP I-PER I-PER
Eyles NNPS I-NP I-PER I-PER
( ( O O O
Australia NNP I-NP I-LOC I-LOC
) ) O O O
beat VB I-VP O O
Mark NNP I-NP I-PER I-PER
Cairns NNS I-NP I-PER I-PER
( ( O O O
England NNP I-NP I-LOC I-LOC
) ) O O O
15-7 CD I-ADVP O O
15-6 CD I-NP O O
15-8 CD I-NP O O
PRAGUE NNP I-NP I-LOC O
Czech NNP I-NP I-LOC I-LOC
President NNP I-NP O O
Vaclav NNP I-NP I-PER I-PER
Havel NNP I-NP I-PER I-PER
on IN I-PP O O
Friday NNP I-NP O O
welcomed VBD I-VP O O
the DT I-NP O O
appointment NN I-NP O O
of IN I-PP O O
Madeleine NNP I-NP I-PER I-PER
Albright NNP I-NP I-PER I-PER
, , O O O
who WP I-NP O O
is VBZ I-VP O O
of IN I-PP O O
Czech JJ I-NP I-LOC I-LOC
extraction NN I-NP O O
, , O O O
as IN I-SBAR O O
the DT I-NP O O
United NNP I-NP I-LOC I-LOC
States NNP I-NP I-LOC I-LOC
' POS B-NP O O
first JJ I-NP O O
woman NN I-NP O O
Secretary NNP I-NP O I-PER
of IN I-PP O O
State NNP I-NP O I-PER
with IN I-PP O O
the DT I-NP O O
United NNP I-NP I-LOC I-LOC
States NNP I-NP I-LOC I-LOC
and CC O O O
with IN I-PP O O
the DT I-NP O O
first JJ I-NP O O
woman NN I-NP O O
ever RB I-ADVP O O
to TO I-VP O O
hold VB I-VP O O
the DT I-NP O O
position NN I-NP O O
of IN I-PP O O
Secretary NNP O O I-PER
of IN I-PP O O
State NNP I-NP O I-PER
" " O O O
The DT I-NP O O
nomination NN I-NP O O
RADIO NNP I-NP I-ORG O
ROMANIA NNP I-NP I-ORG O
AFTERNOON NNP I-NP O O
HEALINES NNP I-NP O O
AT NNP I-NP O O
4 CD I-NP O O
PM NNP I-NP O O
" " O O O
Modernisation NNP I-NP O I-PER
and CC O O O
more RBR I-ADJP O O
profesionalism NN I-NP O O
of IN I-PP O O
the DT I-NP O O
party NN I-NP O O
's POS B-NP O O
structure NN I-NP O O
, , O O O
having VBG I-VP O O
financing NN I-NP O O
of IN I-PP O O
the DT I-NP O O
party NN I-NP O O
be VB I-VP O O
more RBR I-ADJP O O
transparent JJ I-ADJP O O
Many JJ I-NP O I-PER
of IN I-PP O O
these DT I-NP O O
citizens NNS I-NP O O
were VBD I-VP O O
Jews NNPS I-NP I-MISC I-PER
murdered VBN I-VP O O
during IN I-PP O O
the DT I-NP O O
war NN I-NP O O
, , O O O
when WRB I-ADVP O O
Nazi NNP I-NP I-MISC I-PER
German NNP I-NP B-MISC I-MISC
invaders NNS I-NP O O
killed VBD I-VP O O
most JJS I-NP O O
of IN I-PP O O
Poland NNP I-NP I-LOC I-LOC
's POS B-NP O O
3.5 CD I-NP O O
million CD I-NP O O
Jews NNPS I-NP I-MISC I-PER
Steven NNP I-NP I-PER I-PER
Polish JJ I-NP I-MISC I-PER
brewer NN I-NP O O
Zywiec NN I-NP I-ORG I-PER
's POS B-NP O O
1996 CD I-NP O O
profit NN I-NP O O
slump NN I-NP O O
may MD I-VP O O
last VB I-VP O O
into IN I-PP O O
next JJ I-NP O O
year NN I-NP O O
due NN I-ADJP O O
in IN I-PP O O
part NN I-NP O O
to TO I-PP O O
hefty JJ I-NP O O
depreciation NN I-NP O O
charges NNS I-NP O O
, , O O O
but CC O O O
recent JJ I-NP O O
high JJ I-NP O O
investment NN I-NP O O
should MD I-VP O O
help VB I-VP O O
the DT I-NP O O
firm NN I-NP O O
defend VB I-VP O O
its PRP$ I-NP O O
10-percent JJ I-NP O O
market NN I-NP O O
share NN I-NP O O
, , O O O
the DT I-NP O O
firm NN I-NP O O
's POS B-NP O O
chief JJ I-NP O O
executive NN I-NP O O
said VBD I-VP O O
It PRP I-NP O O
has VBZ I-VP O O
produced VBN I-VP O O
1.5 CD I-NP O O
million CD I-NP O O
hectolitres NNS I-NP O O
Van NNP I-NP I-PER I-PER
Boxmeer NNP I-NP I-PER I-PER
said VBD I-VP O O
the DT I-NP O O
tough JJ I-NP O O
competition NN I-NP O O
had VBD I-VP O O
prevented VBN I-VP O O
Zywiec NNP I-NP I-ORG I-PER
from IN I-PP O O
raising VBG I-VP O O
prices NNS I-NP O O
in IN I-PP O O
line NN I-NP O O
with IN I-PP O O
inflation NN I-NP O O
, , O O O
which WDT I-NP O O
had VBD I-VP O O
added VBN I-VP O O
to TO I-PP O O
the DT I-NP O O
pressure NN I-NP O O
on IN I-PP O O
the DT I-NP O O
firm NN I-NP O O
's POS B-NP O O
margins NNS I-NP O O
Van NNP I-NP I-PER I-PER
Boxmeer NNP I-NP I-PER I-PER
said VBD I-VP O O
Zywiec NNP I-NP I-ORG I-PER
had VBD I-VP O O
its PRP$ I-NP O O
eye NN I-NP O O
on IN I-PP O O
Okocim NNP I-NP I-ORG I-PER
, , O O O
which WDT I-NP O O
has VBZ I-VP O O
said VBD I-VP O O
it PRP I-NP O O
would MD I-VP O O
start VB I-VP O O
producing VBG I-VP O O
Carlsberg NNP I-NP I-ORG I-PER
beer NN I-NP O O
next JJ B-NP O O
year NN I-NP O O
, , O O O
but CC O O O
that IN I-SBAR O O
Zywiec NNP I-NP I-ORG I-PER
's POS B-NP O O
potential JJ I-NP O O
production NN I-NP O O
of IN I-PP O O
Heineken NNP I-NP I-ORG I-PER
was VBD I-VP O O
a DT I-NP O O
medium-term JJ I-NP O O
possibility NN I-NP O O
rather RB I-CONJP O O
than IN I-CONJP O O
a DT I-NP O O
short-term JJ I-NP O O
one CD I-NP O O
No DT I-NP O O
date NN I-NP O O
has VBZ I-VP O O
been VBN I-VP O O
set VBN I-VP O O
for IN I-PP O O
further JJ I-NP O O
talks NNS I-NP O O
. . O O O
She PRP I-NP O O
will MD I-VP O O
appear VB I-VP O O
in IN I-PP O O
court NN I-NP O O
on IN I-PP O O
Saturday NNP I-NP O O
Trades NNS I-NP O I-PER
were VBD I-VP O O
discussed VBN I-VP O O
in IN I-PP O O
0.2 CD I-NP O O
, , I-NP O O
0.5 CD I-NP O O
and CC O O O
one CD I-NP O O
percent NN I-NP O O
heating NN I-NP O O
oil NN I-NP O O
into IN I-PP O O
Syria NNP I-NP I-LOC I-LOC
and CC I-NP O O
Lebanon NNP I-NP I-LOC I-PER
and CC O O O
there EX I-NP O O
were VBD I-VP O O
fresh JJ I-NP O O
inquiries NNS I-NP O O
from IN I-PP O O
France NNP I-NP I-LOC I-LOC
and CC I-NP O O
Spain NNP I-NP I-LOC I-LOC
for IN I-PP O O
low JJ I-NP O O
sulphur NN I-NP O O
diesel NN I-NP O O
The DT I-NP O O
more JJR I-NP O O
than IN I-NP O O
1,260 CD I-NP O O
students NNS I-NP O O
at IN I-PP O O
the DT I-NP O O
school NN I-NP O O
are VBP I-VP O O
being VBG I-VP O O
given VBN I-VP O O
antibiotics NNS I-NP O O
as IN I-PP O O
a DT I-NP O O
precaution NN I-NP O O
Wales NNP I-NP I-LOC I-PER
grappled VBD I-VP O O
with IN I-PP O O
its PRP$ I-NP O O
own JJ I-NP O O
cluster NN I-NP O O
of IN I-PP O O
meningitis JJ I-NP O O
cases NNS I-NP O O
on IN I-PP O O
a DT I-NP O O
university NN I-NP O O
campus NN I-NP O O
in IN I-PP O O
Cardiff NNP I-NP I-LOC I-LOC
Information NN I-NP O I-ORG
technology NN I-NP O O
firm NN I-NP O O
Electronic NNP I-NP I-ORG I-PER
Data NNP I-NP I-ORG I-PER
Systems NNP I-NP I-ORG I-PER
said VBD I-VP O O
on IN I-PP O O
Friday NNP I-NP O O
it PRP B-NP O O
had VBD I-VP O O
bagged VBN I-VP O O
a DT I-NP O O
contract NN I-NP O O
for IN I-PP O O
the DT I-NP O O
first JJ I-NP O O
air NN I-NP O O
traffic NN I-NP O O
control NN I-NP O O
project NN I-NP O O
being VBG I-VP O O
funded VBN I-NP O O
under IN I-PP O O
the DT I-NP O O
Private NNP I-NP O I-PER
Finance NNP I-NP O I-ORG
Initiative NNP I-NP O I-PER
SIALKOT NNP I-NP I-LOC O
, , O O O
Pakistan NNP I-NP I-LOC I-LOC
Jul JJ I-NP O I-PER
97 CD I-NP O O
74.45 CD I-NP O O
74.01 CD I-NP O O
69.95 CD I-NP O O
Port NNP I-NP O I-PER
Loading NNP I-NP O I-PER
( ( O O O
( ( O O O
Gilbert NNP I-NP I-PER I-PER
Le NNP I-NP I-PER I-PER
Gras NNP I-NP I-PER I-PER
204 CD I-NP O O
947 CD I-NP O O
3548 CD I-NP O O
) ) O O O
The DT I-NP O O
refunding JJ I-NP O O
planned VBN I-NP O O
for IN I-PP O O
January NNP I-NP O O
also RB I-ADVP O O
includes VBZ I-VP O O
a DT I-NP O O
$ $ I-NP O O
475 CD I-NP O O
million CD I-NP O O
tax-exempt JJ I-NP O O
offering NN I-NP O O
NEW NNP I-NP I-LOC I-LOC
YORK NNP I-NP I-LOC I-LOC
Santa NNP I-NP I-ORG I-PER
Fe NNP I-NP I-ORG I-PER
is VBZ I-VP O O
so RB I-ADVP O O
far RB I-ADVP O O
mum JJ I-ADJP O O
on IN I-PP O O
the DT I-NP O O
more JJR I-NP O O
than IN I-NP O O
$ $ I-NP O O
2 CD I-NP O O
billion CD I-NP O O
stock NN I-NP O O
swap NN I-NP O O
takeover NN I-NP O O
proposal NN I-NP O O
from IN I-PP O O
Newmont NNP I-NP I-ORG I-PER
, , O O O
announced VBD I-VP O O
Thursday NNP I-NP O O
Any DT I-NP O I-PER
deal NN I-NP O O
, , O O O
friendly JJ I-ADJP O O
or CC I-ADJP O O
hostile JJ I-ADJP O O
, , O O O
would MD I-VP O O
almost RB I-VP O O
assuredly RB I-ADVP O O
be VB I-VP O O
a DT I-NP O O
stock NN I-NP O O
swap NN I-NP O O
, , O O O
which WDT I-NP O O
is VBZ I-VP O O
necessary JJ I-ADJP O O
to TO I-VP O O
preserve VB I-VP O O
the DT I-NP O O
tax-free JJ I-NP O O
, , I-NP O O
pooling-of-interest JJ I-NP O O
accounting NN I-NP O O
, , O O O
they PRP I-NP O O
said VBD I-VP O O
A DT I-NP O O
Homestake NNP I-NP I-ORG I-PER
spokesman NN I-NP O O
was VBD I-VP O O
not RB I-VP O O
immediately RB I-VP O O
available JJ I-ADJP O O
to TO I-VP O O
comment VB I-VP O O
on IN I-PP O O
speculation NN I-NP O O
that IN B-NP O O
it PRP B-NP O O
tops VBZ I-VP O O
the DT I-NP O O
list NN I-NP O O
Newmont NNP I-NP I-ORG I-PER
proposed VBD I-VP O O
to TO I-PP O O
Santa NNP I-NP I-LOC I-PER
Fe NNP I-NP I-LOC I-PER
a DT B-NP O O
stock-swap JJ I-NP O O
merger NN I-NP O O
at IN I-PP O O
a DT I-NP O O
ratio NN I-NP O O
of IN I-PP O O
0.33 CD I-NP O O
Newmont NNP I-NP I-ORG I-PER
shares NNS I-NP O O
for IN I-PP O O
each DT I-NP O O
Santa NNP B-NP I-ORG I-PER
Fe NNP I-NP I-ORG I-PER
shares NNS I-NP O O
Multinational JJ I-NP O I-PER
commander NN I-NP O O
going VBG I-VP O O
back RB I-ADVP O O
to TO I-VP O O
east JJ I-NP O O
Zaire NNP I-NP I-LOC I-LOC
Jonathan NNP I-NP I-PER I-PER
Do VBP O O I-PER
you PRP I-NP O O
think VB I-VP O O
that IN I-SBAR O O
I PRP I-NP O O
would MD I-VP O O
have VB I-VP O O
a DT I-NP O O
conscience NN I-NP O O
problem NN I-NP O O
doing VBG I-VP O O
it PRP I-NP O O
or CC O O O
not RB I-ADVP O O
at IN I-PP O O
that DT I-NP O O
time NN I-NP O O
Ex-minister NNP I-NP O I-PER
, , O O O
son NN I-NP O O
killed VBN I-VP O O
in IN I-PP O O
Central NNP I-NP I-LOC I-PER
Africa NNP I-NP I-LOC I-LOC
unrest NN I-NP O O
BANGUI NNP I-NP I-LOC O
Roadblocks NNS I-NP O I-PER
have VBP I-VP O O
been VBN I-VP O O
erected VBN I-VP O O
in IN I-PP O O
city NN I-NP O O
districts NNS I-NP O O
while IN I-SBAR O O
central JJ I-NP O O
Bangui NNP I-NP I-LOC I-PER
, , O O O
which WDT I-NP O O
is VBZ I-VP O O
patrolled VBN I-VP O O
by IN I-PP O O
French JJ I-NP I-MISC I-MISC
troops NNS I-NP O O
with IN I-PP O O
tanks NNS I-NP O O
, , O O O
is VBZ I-VP O O
deserted VBN I-VP O O
Chirac NNP I-NP I-PER I-PER
said VBD I-VP O O
Burkina NNP I-NP I-LOC I-PER
Faso NNP I-NP I-LOC I-PER
President NNP I-NP O O
Blaise NNP I-NP I-PER I-PER
Compaore NNP I-NP I-PER I-PER
would MD I-VP O O
visit VB I-VP O O
Bangui NNP I-NP I-LOC I-PER
" " O O O
in IN I-PP O O
the DT I-NP O O
coming VBG I-NP O O
hours NNS I-NP O O
" " O O O
with IN I-PP O O
the DT I-NP O O
heads NNS I-NP O O
of IN I-PP O O
state NN I-NP O O
of IN I-PP O O
Gabon NNP I-NP I-LOC I-PER
, , O O O
Mali NNP I-NP I-LOC I-PER
and CC I-NP O O
Chad NNP I-NP I-LOC I-PER
to TO I-VP O O
try VB I-VP O O
and CC I-VP O O
establish VB I-VP O O
dialogue NN I-NP O O
between IN I-PP O O
authorities NNS I-NP O O
and CC I-NP O O
rebels NNS I-NP O O
Church-led JJ I-NP O I-PER
meadiation NN I-NP O O
attempts NNS I-NP O O
hit VBP I-VP O O
deadlock NN I-NP O O
over IN I-PP O O
rebel NN I-NP O O
demands NNS I-NP O O
for IN I-PP O O
his PRP$ I-NP O O
departure NN I-NP O O
Hospital NN I-NP O I-PER
sources NNS I-NP O O
and CC I-NP O O
witnesses NNS I-NP O O
said VBD I-VP O O
about RB I-NP O O
10 CD I-NP O O
people NNS I-NP O O
were VBD I-VP O O
known VBN I-VP O O
to TO I-VP O O
have VB I-VP O O
been VBN I-VP O O
killed VBN I-VP O O
in IN I-PP O O
the DT I-NP O O
more JJR I-NP O O
than IN I-NP O O
two CD I-NP O O
weeks NNS I-NP O O
of IN I-PP O O
fighting NN I-NP O O
, , O O O
including VBG I-PP O O
two CD I-NP O O
rebels NNS I-NP O O
killed VBN I-VP O O
in IN I-PP O O
Thursday NNP I-NP O O
's POS B-NP O O
clashes NNS I-NP O O
Meyers NNP I-NP I-PER I-PER
was VBD I-VP O O
not RB O O O
available JJ I-ADJP O O
for IN I-PP O O
comment NN I-NP O O
Polish JJ I-NP I-MISC I-PER
ex-communist JJ I-NP O O
president NN I-NP O O
to TO I-VP O O
visit VB I-VP O O
Pope NNP I-NP O I-PER
Russian NNP I-NP I-MISC I-MISC
Finance NNP I-NP O I-ORG
Minister NNP I-NP O O
Alexander NNP I-NP I-PER I-PER
Livshits NNP I-NP I-PER I-PER
warned VBD I-VP O O
financially-troubled JJ I-NP O O
Norilsk NNP I-VP I-ORG I-PER
Nickel NNP I-NP I-ORG I-PER
on IN I-PP O O
Friday NNP I-NP O O
that IN I-SBAR O O
it PRP I-NP O O
must MD I-VP O O
pay VB I-VP O O
overdue JJ I-NP O O
taxes NNS I-NP O O
, , O O O
but CC O O O
analysts NNS I-NP O O
said VBD I-VP O O
the DT I-NP O O
firm JJ I-NP O O
would MD I-VP O O
not RB I-VP O O
be VB I-VP O O
liquidated JJ I-VP O O
or CC I-VP O O
that IN I-SBAR O O
its PRP$ I-NP O O
would MD I-VP O O
assets NNS I-NP O O
would MD I-VP O O
be VB I-VP O O
frozen VBN I-ADJP O O
But CC O O O
it PRP I-NP O O
also RB I-ADVP O O
wants VBZ I-VP O O
Norilsk NNP I-NP I-ORG I-PER
, , O O O
the DT I-NP O O
world NN I-NP O O
's POS B-NP O O
second-largest JJ I-NP O O
nickel JJ I-NP O O
producer NN I-NP O O
, , O O O
to TO I-VP O O
clean VB I-VP O O
up RP I-PRT O O
its PRP$ I-NP O O
act NN I-NP O O
" " O O O
It PRP I-NP O O
is VBZ I-VP O O
unlikely JJ I-ADJP O O
that IN I-SBAR O O
Norilsk NNP I-NP I-ORG I-PER
will MD I-VP O O
pay VB I-VP O O
these DT I-NP O O
debts NNS I-NP O O
in IN I-PP O O
the DT I-NP O O
near-term JJ I-NP O O
-- : O O O
the DT I-NP O O
company NN I-NP O O
will MD I-VP O O
remain VB I-VP O O
a DT I-NP O O
debtor NN I-NP O O
in IN I-PP O O
the DT I-NP O O
near JJ I-NP O O
future NN I-NP O O
, , O O O
" " O O O
Chernyshev NNP I-NP I-PER I-PER
said VBD I-VP O O
But CC O O O
the DT I-NP O O
changes NNS I-NP O O
have VBP I-VP O O
yet RB I-VP O O
to TO I-VP O O
improve VB I-VP O O
significantly RB I-ADVP O O
Norilsk NNP I-NP I-ORG I-PER
's POS B-NP O O
situation NN I-NP O O
-- : I-NP O O
Moscow NNP I-NP I-ORG I-LOC
Newsroom NNP I-NP I-ORG I-ORG
, , O O O
+7095 CD I-NP O O
941 CD I-NP O O
It PRP I-NP O O
said VBD I-VP O O
in IN I-PP O O
a DT I-NP O O
statement NN I-NP O O
that IN B-NP O O
it PRP B-NP O O
made VBD I-VP O O
profits NNS I-NP O O
of IN I-PP O O
4.5 CD I-NP O O
million CD I-NP O O
kroons NNS I-NP O O
in IN I-PP O O
November NNP I-NP O O
Interfax NNP I-NP I-ORG I-PER
, , O O O
outlining VBG I-VP O O
Albright NNP I-NP I-PER I-PER
's POS B-NP O O
biography NN I-NP O O
, , O O O
pointed VBD I-VP O O
out RP I-PRT O O
that IN I-SBAR O O
she PRP I-NP O O
had VBD I-VP O O
defended VBN I-VP O O
Washington NNP I-NP I-LOC I-PER
's POS B-NP O O
interests NNS I-NP O O
fiercely RB I-ADVP O O
as IN I-SBAR O O
U.S. NNP I-NP I-LOC I-LOC
ambassador NN I-NP O O
to TO I-PP O O
the DT I-NP O O
United NNP I-NP I-ORG I-LOC
Nations NNPS I-NP I-ORG I-MISC
and CC I-NP O O
that DT I-NP O O
this DT I-NP O O
had VBD I-VP O O
included VBN I-VP O O
actively RB I-VP O O
supporting VBG I-VP O O
NATO NNP I-NP I-ORG O
's POS B-NP O O
plans NNS I-NP O O
to TO I-VP O O
expand VB I-VP O O
eastwards NNS I-NP O O
SOFIA NNP I-NP I-LOC O
A DT I-NP O O
bomb NN I-NP O O
exploded VBD I-VP O O
on IN I-PP O O
Friday NNP I-NP O O
at IN I-PP O O
a DT I-NP O O
mosque NN I-NP O O
in IN I-PP O O
the DT I-NP O O
central JJ I-NP O O
Bulgarian JJ I-NP I-MISC I-PER
town NN I-NP O O
of IN I-PP O O
Kazanluk NNP I-NP I-LOC I-PER
, , O O O
causing VBG I-VP O O
damage NN I-NP O O
but CC O O O
no DT I-NP O O
injuries NNS I-NP O O
, , O O O
state NN I-NP O O
radio NN I-NP O O
said VBD I-VP O O
Some DT I-NP O I-PER
residents NNS I-NP O O
of IN I-PP O O
the DT I-NP O O
Kazanluk NNP I-NP I-LOC I-PER
area NN I-NP O O
are VBP I-VP O O
Moslems NNPS I-NP I-MISC I-PER
who WP B-NP O O
converted VBD I-VP O O
to TO I-PP O O
Islam NNP I-NP I-MISC I-PER
during IN I-PP O O
Ottoman NNP I-NP O I-PER
Turkish JJ I-NP I-MISC I-MISC
rule NN I-NP O O
They PRP I-NP O O
expect VBP I-VP O O
a DT I-NP O O
larger-than-average JJ I-NP O O
payment NN I-NP O O
. . O O O
The DT I-NP O O
overnight JJ I-NP O O
market NN I-NP O O
opened VBN I-VP O O
at IN I-PP O O
22.00 CD I-NP O O
/ SYM O O O
22.75 CD I-NP O O
percent NN I-NP O O
, , O O O
then RB I-ADVP O O
substantial JJ I-NP O O
money NN I-NP O O
was VBD I-VP O O
taken VBN I-VP O O
up RP I-PRT O O
at IN I-PP O O
22.5 CD I-NP O O
percent NN I-NP O O
MEXICO NNP I-NP I-LOC O
" " O O O
It PRP I-NP O O
was VBD I-VP O O
Greenspan NNP I-NP I-PER I-PER
at IN I-PP O O
first RB I-ADVP O O
Yields NNS I-NP O I-PER
on IN I-PP O O
U.S. NNP I-NP I-LOC I-LOC
30-year JJ I-NP O O
Treasury NNP I-NP I-ORG I-PER
bonds NNS I-NP O O
were VBD I-VP O O
6.51 CD I-NP O O
percent NN I-NP O O
when WRB I-ADVP O O
stock NN I-NP O O
trading NN I-NP O O
closed VBD I-VP O O
in IN I-PP O O
Mexico NNP I-NP I-LOC I-LOC
, , O O O
unchanged JJ I-ADJP O O
from IN I-PP O O
Thursday NNP I-NP O O
Traders NNS I-NP O I-PER
noted VBD I-VP O O
the DT I-NP O O
lack NN I-NP O O
of IN I-PP O O
blue JJ I-NP O O
chips NNS I-NP O O
or CC I-NP O O
stocks NNS I-NP O O
traded VBD I-VP O O
at IN I-PP O O
significant JJ I-NP O O
volume NN I-NP O O
among IN I-PP O O
the DT I-NP O O
gainers NNS I-NP O O
Simec NNP I-NP I-ORG I-PER
, , O O O
the DT I-NP O O
steelmaking NN I-NP O O
arm NN I-NP O O
of IN I-PP O O
the DT I-NP O O
debt-ridden JJ I-NP O O
Sidek NNP I-NP I-ORG I-PER
group NN I-NP O O
headed VBD I-VP O O
the DT I-NP O O
losers NNS I-NP O O
, , O O O
off RB I-ADVP O O
7 CD I-NP O O
centavos NNS I-NP O O
( ( O O O
1 CD I-NP O O
cent NN I-NP O O
) ) O O O
at IN I-PP O O
1.40 CD I-NP O O
pesos NNS I-NP O O
( ( O O O
18 CD I-NP O O
cents NNS I-NP O O
) ) O O O
Heavyweights NNS I-NP O O
Telmex NN I-NP I-ORG I-PER
and CC O O O
Televisa NNP I-NP I-ORG I-PER
ended VBD I-VP O O
off RB I-ADVP O O
25 CD I-NP O O
cents NNS I-NP O O
and CC O O O
75 CD I-NP O O
cents NNS I-NP O O
, , O O O
respectively RB I-ADVP O O
, , O O O
at IN I-PP O O
$ $ I-NP O O
31.125 CD I-NP O O
and CC I-NP O O
$ $ I-NP O O
25.875 CD I-NP O O
RIO NNP I-NP I-LOC O
DE NNP I-NP I-LOC O
JANEIRO NNP I-NP I-LOC O
Plastic NN I-NP O I-PER
surgery NN I-NP O O
is VBZ I-VP O O
booming JJ I-ADJP O O
, , O O O
especially RB I-ADVP O O
among IN I-PP O O
men NNS I-NP O O
, , O O O
as IN I-SBAR O O
Brazilians NNS I-NP I-MISC I-PER
spend VBP I-VP O O
much JJ I-NP O O
of IN I-PP O O
their PRP$ I-NP O O
new-found JJ I-NP O O
wealth NN I-NP O O
on IN I-PP O O
the DT I-NP O O
latest JJS I-NP O O
beauty NN I-NP O O
treatments NNS I-NP O O
, , O O O
said VBD I-VP O O
the DT I-NP O O
organisers NNS I-NP O O
of IN I-PP O O
a DT I-NP O O
four-day JJ I-NP O O
international JJ I-NP O O
plastic JJ I-NP O O
surgery NN I-NP O O
conference NN I-NP O O
that WDT B-NP O O
opened VBD I-VP O O
on IN I-PP O O
Friday NNP I-NP O O
" " O O O
Brazil NNP I-NP I-LOC I-LOC
ranks VBZ I-VP O O
right RB I-ADVP O O
at IN I-PP O O
the DT I-NP O O
top NN I-NP O O
for IN I-PP O O
plastic NN I-NP O O
surgery NN I-NP O O
with IN I-PP O O
respect NN I-NP O O
to TO I-PP O O
the DT I-NP O O
number NN I-NP O O
of IN I-PP O O
surgeons NNS I-NP O O
, , O O O
the DT I-NP O O
number NN I-NP O O
of IN I-PP O O
patients NNS I-NP O O
, , O O O
number NN I-NP O O
of IN I-PP O O
operations NNS I-NP O O
, , O O O
number NN I-NP O O
of IN I-PP O O
conferences NNS I-NP O O
Stomach NN I-NP O I-PER
tucks NNS I-NP O O
and CC O O O
breast NN I-NP O O
operations NNS I-NP O O
are VBP I-VP O O
also RB I-ADVP O O
popular JJ I-ADJP O O
since IN I-PP O O
the DT I-NP O O
tropical JJ I-NP O O
climate NN I-NP O O
calls VBZ I-VP O O
for IN I-PP O O
flesh-baring JJ I-NP O O
fashions NNS I-NP O O
, , O O O
but CC O O O
unlike IN I-PP O O
women NNS I-NP O O
elsewhere RB I-ADVP O O
Brazilians NNS I-NP I-MISC I-PER
tend VBP I-VP O O
to TO I-VP O O
have VB I-VP O O
breast NN I-NP O O
reductions NNS I-NP O O
and CC O O O
buttock NN I-NP O O
implants NNS I-NP O O
" " O O O
The DT I-NP O O
women NNS I-NP O O
who WP B-NP O O
want VBP I-VP O O
to TO I-VP O O
reduce VB I-VP O O
their PRP$ I-NP O O
breasts NNS I-NP O O
here RB I-ADVP O O
would MD I-VP O O
probably RB I-VP O O
want VB I-VP O O
to TO I-VP O O
increase VB I-VP O O
them PRP I-NP O O
in IN I-PP O O
the DT I-NP O O
United NNP I-NP I-LOC I-LOC
States NNP I-NP I-LOC I-LOC
, , O O O
" " O O O
SBCP NNP I-NP I-ORG O
Vice-President NNP I-NP O I-PER
Oswaldo NNP I-NP I-PER I-PER
Saldanha NNP I-NP I-PER I-PER
said VBD I-VP O O
. . O O O
Beauty NN I-NP O O
ideals NNS I-NP O O
and CC I-NP O O
cultures NNS I-NP O O
are VBP I-VP O O
different JJ I-ADJP O O
in IN I-PP O O
every DT I-NP O O
country NN I-NP O O
. . O O O
Plastic NNP I-NP O I-PER
surgery NN I-NP O O
scares NNS I-NP O O
like IN I-PP O O
the DT I-NP O O
case NN I-NP O O
in IN I-PP O O
which WDT I-NP O O
Brazilian JJ I-NP I-MISC I-MISC
model NN I-NP O O
Claudia NNP I-NP I-PER I-PER
Liz NNP I-NP I-PER I-PER
fell VBD I-VP O O
into IN I-PP O O
a DT I-NP O O
coma NN I-NP O O
after IN I-PP O O
being VBG I-VP O O
anaesthetised VBN I-VP O O
for IN I-PP O O
a DT I-NP O O
liposuction NN I-NP O O
in IN I-PP O O
October NNP I-NP O O
are VBP I-VP O O
not RB I-VP O O
much RB I-VP O O
of IN I-PP O O
a DT I-NP O O
deterrent NN I-NP O O
Maize NN I-NP O I-PER
( ( O O O
Flint NNP I-NP O I-PER
) ) O O O
113 CD I-NP O O
114 CD I-NP O O
113.7 CD I-NP O O
All DT I-NP O O
major JJ I-NP O O
ports NNS I-NP O O
were VBD I-VP O O
open JJ I-ADJP O O
as IN I-PP O O
of IN B-PP O O
1000 CD I-NP O O
local JJ I-NP O O
/ SYM O O O
1600 CD I-NP O O
GMT RB I-NP I-MISC I-MISC
, , O O O
the DT I-NP O O
Communications NNP I-NP I-ORG I-PER
and CC I-NP I-ORG O
Transportation NNP I-NP I-ORG I-PER
Ministry NNP I-NP I-ORG I-ORG
said VBD I-VP O O
in IN I-PP O O
a DT I-NP O O
daily JJ I-NP O O
update NN I-NP O O
Cold JJ I-NP O I-PER
front NN I-NP O O
bringing VBG I-VP O O
light NN I-NP O O
rains NNS I-NP O O
to TO I-PP O O
the DT I-NP O O
coast NN I-NP O O
of IN I-PP O O
Tamaulipas NNP I-NP I-LOC I-PER
, , O O O
but CC O O O
with IN I-PP O O
the DT I-NP O O
rest NN I-NP O O
of IN I-PP O O
the DT I-NP O O
Gulf NNP I-NP I-LOC I-PER
in IN I-PP O O
clear JJ I-NP O O
skies NNS I-NP O O
Winds NNS I-NP O I-PER
from IN I-PP O O
the DT I-NP O O
northeast NN I-NP O O
at IN I-PP O O
10 CD I-NP O O
to TO I-NP O O
15 CD I-NP O O
knots NNS I-NP O O
( ( O O O
19 CD I-NP O O
to TO I-NP O O
28 CD I-NP O O
kilometers NNS I-NP O O
/ SYM O O O
11 CD I-NP O O
to TO I-NP O O
17 CD I-NP O O
miles NNS I-NP O O
per IN I-PP O O
hour NN I-NP O O
) ) O O O
Chile NNP I-NP I-LOC I-PER
, , O O O
Mexico NNP I-NP I-LOC I-LOC
to TO I-VP O O
seek VB I-VP O O
to TO I-VP O O
broaden VB I-VP O O
trade NN I-NP O O
deal NN I-NP O O
-- : I-NP O O
Roger NNP I-NP I-PER I-PER
Atwood NNP I-NP I-PER O
, , O O O
Santiago NN I-NP I-LOC I-PER
newsroom NN I-NP O O
+56-2-699-5595 NN I-NP O O
East NNP I-NP I-MISC I-PER
Timorese JJ I-NP I-MISC I-PER
Roman NNP I-NP B-MISC I-PER
Catholic NNP I-NP I-MISC I-PER
Bishop NNP I-NP O I-PER
Carlos NNP I-NP I-PER I-PER
Belo NNP I-NP I-PER I-PER
left VBD I-VP O O
Dili NNP I-NP I-LOC I-PER
on IN I-PP O O
Friday NNP I-NP O O
on IN I-PP O O
his PRP$ I-NP O O
way NN I-NP O O
to TO I-PP O O
Norway NNP I-NP I-LOC I-LOC
for IN I-PP O O
the DT I-NP O O
awards NNS I-NP O O
ceremony NN I-NP O O
as IN I-PP O O
co-recipient NN I-NP O O
of IN I-PP O O
the DT I-NP O O
1996 CD I-NP O O
Nobel NNP I-NP I-MISC I-PER
Peace NNP I-NP I-MISC I-PER
Prize NNP I-NP I-MISC I-PER
The DT I-NP O O
witnesses NNS I-NP O O
said VBD I-VP O O
some DT I-NP O O
of IN I-PP O O
the DT I-NP O O
students NNS I-NP O O
were VBD I-VP O O
hit VBN I-VP O O
with IN I-PP O O
batons NNS I-NP O O
while IN I-SBAR O O
they PRP I-NP O O
were VBD I-VP O O
herded VBN I-VP O O
onto IN I-PP O O
the DT I-NP O O
vehicles NNS I-NP O O
and CC O O O
it PRP I-NP O O
was VBD I-VP O O
believed VBN I-VP O O
they PRP I-NP O O
were VBD I-VP O O
taken VBN I-VP O O
to TO I-PP O O
the DT I-NP O O
Insein JJ I-NP I-LOC I-PER
prison NN I-NP O O
in IN I-PP O O
suburban JJ I-NP O O
Rangoon NNP I-NP I-LOC I-PER
About IN I-NP O O
200 CD I-NP O O
Burmese NNP I-NP I-MISC I-PER
students NNS I-NP O O
marched VBD I-VP O O
briefly RB I-ADVP O O
from IN I-PP O O
troubled JJ I-NP O O
Yangon NNP I-NP I-ORG I-PER
Institute NNP I-NP I-ORG I-PER
of IN I-PP I-ORG O
Technology NNP I-NP I-ORG I-PER
in IN I-PP O O
northern JJ I-NP O O
Rangoon NN I-NP I-LOC I-PER
on IN I-PP O O
Friday NNP I-NP O O
towards IN I-PP O O
the DT I-NP O O
University NNP I-NP I-ORG I-ORG
of IN I-PP I-ORG O
Yangon NNP I-NP I-ORG I-PER
six CD B-NP O O
km NN I-NP O O
( ( O O O
four CD I-NP O O
miles NNS I-NP O O
) ) O O O
away RB I-ADVP O O
, , O O O
and CC O O O
returned VBD I-VP O O
to TO I-PP O O
their PRP$ I-NP O O
campus NN I-NP O O
, , O O O
witnesses NNS I-NP O O
said VBD I-VP O O
The DT I-NP O O
students NNS I-NP O O
also RB I-ADVP O O
demanded VBD I-VP O O
the DT I-NP O O
government NN I-NP O O
announce VB I-VP O O
punishments NNS I-NP O O
meted VBD I-VP O O
out RP I-PRT O O
to TO I-PP O O
policemen NNS I-NP O O
who WP B-NP O O
they PRP B-NP O O
said VBD I-VP O O
had VBN I-VP O O
manhandled VBN I-VP O O
students NNS I-NP O O
involved VBN I-VP O O
in IN I-PP O O
a DT I-NP O O
brawl NN I-NP O O
with IN I-PP O O
some DT I-NP O O
restaurant NN I-NP O O
owners NNS I-NP O O
near IN I-PP O O
the DT I-NP O O
Yangon JJ I-NP I-LOC I-PER
institute NN I-NP O O
in IN I-PP O O
October NNP I-NP O O
On IN I-PP O O
Friday NNP I-NP O O
, , O O O
the DT I-NP O O
road NN I-NP O O
leading VBG I-VP O O
to TO I-PP O O
Suu NNP I-NP I-PER I-PER
Kyi NNP I-NP I-PER I-PER
's POS B-NP O O
lakeside JJ I-NP O O
residence NN I-NP O O
in IN I-PP O O
central JJ I-NP O O
Rangoon NNP B-NP I-LOC I-PER
remained VBD I-VP O O
closed VBN I-VP O O
by IN I-PP O O
police NN I-NP O O
Union NNP I-NP O I-ORG
leaders NNS I-NP O O
outraged JJ I-ADJP O O
by IN I-PP O O
WTO NNP I-NP I-ORG O
snub NNS I-NP O O
to TO I-PP O O
ILO NNP I-NP I-ORG O
head NN I-NP O O
" " O O O
Though IN I-SBAR O I-PER
schemes NNS I-NP O O
designed VBN I-VP O O
to TO I-VP O O
realise VB I-VP O O
further JJ I-NP O O
increases NNS I-NP O O
in IN I-PP O O
the DT I-NP O O
production NN I-NP O O
of IN I-PP O O
natural JJ I-NP O O
rubber NN I-NP O O
are VBP I-VP O O
being VBG I-VP O O
operated VBN I-VP O O
successfully RB I-ADVP O O
, , O O O
the DT I-NP O O
demand-supply JJ I-NP O O
gap NN I-NP O O
is VBZ I-VP O O
expected VBN I-VP O O
to TO I-VP O O
widen VB I-VP O O
, , O O O
" " O O O
he PRP I-NP O O
said VBD I-VP O O
In IN I-PP O O
2010/11 CD I-NP O O
, , O O O
domestic JJ I-NP O O
demand NN I-NP O O
should MD I-VP O O
rise VB I-VP O O
further JJ I-NP O O
to TO I-NP O O
1.233 CD I-NP O O
million CD I-NP O O
tonnes NNS I-NP O O
while IN I-SBAR O O
production NN I-NP O O
will MD I-VP O O
only RB I-VP O O
reach VB I-VP O O
about RB I-NP O O
914,000 CD I-NP O O
tonnes NNS I-NP O O
-- : I-NP O O
Singapore NNP I-NP I-ORG I-PER
Newsroom NNP I-NP I-ORG I-ORG
( ( O O O
65-8703305 CD I-NP O O
Comments NNS I-NP O I-PER
by IN I-PP O O
Japan NNP I-NP I-LOC I-LOC
's POS I-NP O O
tight-lipped JJ I-ADJP O O
central JJ I-NP O O
bank NN I-NP O O
chief NN I-NP O O
and CC O O O
an DT I-NP O O
influential JJ I-NP O O
top NN I-NP O O
bureaucrat NN I-NP O O
are VBP I-VP O O
further JJ I-NP O O
signs NNS I-NP O O
that IN B-NP O O
the DT B-NP O O
nation NN I-NP O O
's POS B-NP O O
authorities NNS I-NP O O
want VBP I-VP O O
to TO I-VP O O
keep VB I-VP O O
the DT I-NP O O
dollar NN I-NP O O
at IN I-PP O O
current JJ I-NP O O
levels NNS I-NP O O
, , O O O
market NN I-NP O O
sources NNS I-NP O O
said VBD I-VP O O
on IN I-PP O O
Friday NNP I-NP O O
But CC O O O
many JJ I-NP O O
in IN I-PP O O
the DT I-NP O O
market NN I-NP O O
thought VBD I-VP O O
Sakakibara NNP I-NP I-PER I-PER
's POS B-NP O O
real JJ I-NP O O
intentions NNS I-NP O O
lay VBD I-VP O O
elsewhere RB I-ADVP O O
, , O O O
and CC O O O
took VBD I-VP O O
more RBR I-ADJP O O
notice NN I-NP O O
of IN I-PP O O
his PRP$ I-NP O O
comments NNS I-NP O O
about IN I-PP O O
the DT I-NP O O
U.S. NNP I-NP I-LOC I-LOC
government NN I-NP O O
's POS B-NP O O
stance NN I-NP O O
on IN I-PP O O
the DT I-NP O O
dollar NN I-NP O O
, , O O O
dealers NNS I-NP O O
said VBD I-VP O O
" " O O O
I PRP I-NP O O
think VBP I-VP O O
his PRP$ I-NP O O
views NNS I-NP O O
on IN I-PP O O
( ( O O O
U.S. NNP I-NP I-ORG I-LOC
Treasury NNP I-NP I-ORG I-PER
Secretary NNP I-NP O I-PER
Robert NNP I-NP I-PER I-PER
) ) O O O
Rubin NNP I-NP I-PER I-PER
's POS B-NP O O
comments NNS I-NP O O
were VBD I-VP O O
indeed RB I-ADVP O O
what WP I-NP O O
he PRP B-NP O O
himself PRP B-NP O O
thinks VBZ I-VP O O
about IN I-PP O O
the DT I-NP O O
dollar NN I-NP O O
, , O O O
" " O O O
said VBD I-VP O O
Hank NNP I-NP I-PER I-PER
Note VB I-VP I-PER I-PER
, , O O O
chief JJ I-NP O O
dealer NN I-NP O O
at IN I-PP O O
Sumitomo NNP I-NP I-ORG I-PER
Bank NNP I-NP I-ORG I-ORG
Takao NNP I-NP I-PER I-PER
Sakoh NNP I-NP I-PER I-PER
, , O O O
first JJ I-NP O O
vice NN I-NP O O
president NN I-NP O O
at IN I-PP O O
Union NNP I-NP I-ORG I-ORG
Bank NNP I-NP I-ORG I-ORG
of IN I-PP I-ORG O
Switzerland NNP I-NP I-ORG I-LOC
in IN I-PP O O
Tokyo NNP I-NP I-LOC I-PER
, , O O O
said VBD I-VP O O
: : O O O
" " O O O
Maybe RB I-ADVP O I-PER
a DT I-NP O O
dollar NN I-NP O O
at IN I-PP O O
104.50 CD I-NP O O
yen NN I-NP O O
is VBZ I-VP O O
not RB O O O
acceptable JJ I-ADJP O O
( ( O O O
to TO I-PP O O
Sakakibara NNP I-NP I-PER I-PER
) ) O O O
, , O O O
but CC O O O
it PRP I-NP O O
may MD I-VP O O
be VB I-VP O O
okay JJ I-ADJP O O
at IN I-PP O O
the DT I-NP O O
current JJ I-NP O O
level NN I-NP O O
, , O O O
at IN I-PP O O
the DT I-NP O O
lower JJR I-NP O O
end NN I-NP O O
of IN I-PP O O
112 CD I-NP O O
yen NN I-NP O O
. . O O O
Lahd NNP I-NP I-PER I-PER
, , O O O
a DT I-NP O O
69-year-old JJ I-NP O O
former JJ I-NP O O
Lebanese JJ I-NP I-MISC I-PER
army NN I-NP O O
major-general JJ I-NP O O
, , I-NP O O
heads NNS I-NP O O
the DT B-NP O O
3,000-strong JJ I-NP O O
SLA NNP I-NP I-ORG O
militia NN I-NP O O
which WDT B-NP O O
helps VBZ I-VP O O
Israel NNP I-NP I-LOC I-LOC
hold VBP I-VP O O
a DT I-NP O O
border NN I-NP O O
zone NN I-NP O O
in IN I-PP O O
south JJ I-NP O O
Lebanon NNP I-NP I-LOC I-PER
to TO I-VP O O
ward VB I-VP O O
off RP I-PRT O O
cross-frontier VB I-VP O O
guerrilla JJ I-NP O O
raids NNS I-NP O O
on IN I-PP O O
northern JJ I-NP O O
Israel NNP I-NP I-LOC I-LOC
The DT I-NP O O
charges NNS I-NP O O
against IN I-PP O O
Lahd NNP I-NP I-PER I-PER
were VBD I-VP O O
: : O O O
forming VBG I-VP O O
a DT I-NP O O
hostile JJ I-NP O O
army NN I-NP O O
, , O O O
carrying VBG I-VP O O
weapons NNS I-NP O O
on IN I-PP O O
Israel NNP I-NP I-LOC I-LOC
's POS B-NP O O
side NN I-NP O O
, , O O O
helping VBG I-VP O O
Israel NNP I-NP I-LOC I-LOC
strip NN I-NP O O
off IN I-PP O O
a DT I-NP O O
part NN I-NP O O
of IN I-PP O O
Lebanese JJ I-NP I-MISC I-PER
territory NN I-NP O O
by IN I-PP O O
violence NN I-NP O O
, , O O O
forming VBG I-VP O O
an DT I-NP O O
armed JJ I-NP O O
gang NN I-NP O O
, , O O O
killing JJ I-ADJP O O
or CC I-ADJP O O
trying VBG I-VP O O
to TO I-VP O O
kill VB I-VP O O
Lebanese JJ I-NP I-MISC I-PER
civilians NNS I-NP O O
by IN I-PP O O
artillery NN I-NP O O
shelling VBG I-VP O O
and CC O O O
kidnapping NN I-NP O O
Lebanese JJ I-NP I-MISC I-PER
citizens NNS I-NP O O
for IN I-PP O O
long JJ I-NP O O
periods NNS I-NP O O
AMARILLO NNP I-NP I-LOC O
Feedlots NNS I-NP O I-PER
reporting VBG I-VP O O
moderate JJ I-NP O O
inquiry NN I-NP O O
Saturday NNP I-NP O O
12/07/96 NNP I-NP O O
( ( O O O
est FW O O O
) ) O O O
38,000 CD I-NP O O
0 CD I-NP O O
CITY NN I-NP O O
OF IN I-PP O O
HARTFORD NNP I-NP I-LOC O
, , O O O
12/15/2001 CD I-NP O O
575M CD I-NP O O
4.60 CD I-NP O O
12/15/2005 CD I-NP O O
55M CD I-NP O O
4.60 CD I-NP O O
Mana NNP I-NP O I-PER
50,000 CD I-NP O O
tonnes VBZ I-VP O O
soybeans NNS I-NP O O
USG NNP B-NP O O
/ SYM O O O
China NNP I-NP I-LOC I-LOC
10-15/12 CD I-NP O O
$ $ I-NP O O
23.50 CD I-NP O O
10,000 CD I-NP O O
/ SYM O O O
4,000 CD I-NP O O
GeePee NNP I-NP O I-PER
DES NNP I-NP I-LOC O
MOINES NNP I-NP I-LOC O
Curr NNP I-NP O I-PER
Wk NN I-NP O I-PER
Yr NNP I-NP O I-PER
Ago NNP I-NP O I-PER
Curr NNP I-NP O I-PER
Wk NN I-NP O I-PER
Yr NNP I-NP O I-PER
to TO I-PP O O
Date NNP I-NP O I-PER
Yr NNP I-NP O I-PER
Flax NNP I-NP O I-PER
165.2 CD I-NP O O
181.9 CD I-NP O O
14.9 CD I-NP O O
231.4 CD I-NP O O
Curr NNP I-NP O I-PER
Wk NN I-NP O I-PER
YTD TO I-VP O O
Yr NNP I-NP O I-PER
Ago NNP I-NP O I-PER
Curr NNP I-NP O I-PER
Wk NN I-NP O I-PER
YTD TO I-VP O O
Yr NNP I-NP O I-PER
Rye NNP I-NP O I-PER
4.1 CD I-NP O O
60.7 CD I-NP O O
57.9 CD I-NP O O
3.0 CD I-NP O O
10.7 CD I-NP O O
In IN I-PP O O
addition NN I-NP O O
, , O O O
Statistics NNP I-NP I-ORG I-PER
Canada NNP I-NP I-ORG I-LOC
indicated VBD I-VP O O
the DT I-NP O O
following JJ I-NP O O
exports NNS I-NP O O
to TO I-PP O O
the DT I-NP O O
U.S. NNP I-NP I-LOC I-LOC
between IN I-PP O O
August NNP I-NP O O
and CC O O O
September NNP I-NP O O
1996 CD I-NP O O
, , O O O
in IN I-PP O O
tonnes NNS I-NP O O
" " O O O
Weather NNP I-NP O I-PER
forecasts VBZ I-VP O O
have VB I-VP O O
been VBN I-VP O O
sketchy JJ I-ADJP O O
Now RB I-ADVP O O
the DT I-NP O O
National NNP I-NP I-ORG I-ORG
Weather NNP I-NP I-ORG I-PER
Service NNP I-NP I-ORG I-PER
is VBZ I-VP O O
calling VBG I-VP O O
for IN I-PP O O
above-normal JJ I-NP O O
temperatures NNS I-NP O O
in IN I-PP O O
more JJR I-NP O O
than IN I-NP O O
half NN I-NP O O
of IN I-PP O O
the DT I-NP O O
U.S. NNP I-NP I-LOC I-LOC
, , O O O
" " O O O
one CD I-NP O O
futures NNS I-NP O O
trader NN I-NP O O
said VBD I-VP O O
NYMEX NNP I-NP I-ORG O
Alberta NNP I-NP I-LOC I-PER
natgas NNS I-NP O O
remained VBD I-VP O O
untraded JJ I-ADJP O O
, , O O O
with IN I-PP O O
January NNP I-NP O O
settling VBG I-VP O O
at IN I-PP O O
$ $ I-NP O O
1.65 CD I-NP O O
, , O O O
off RB I-ADVP O O
10 CD I-NP O O
cents NNS I-NP O O
from IN I-PP O O
Thursday NNP I-NP O O
On IN I-PP O O
the DT I-NP O O
KCBT NNP I-NP I-ORG O
, , O O O
January NNP I-NP O O
finished VBD I-VP O O
26.5 CD I-NP O O
cents NNS I-NP O O
lower RBR I-ADVP O O
at IN I-PP O O
$ $ I-NP O O
3.35 CD I-NP O O
after IN I-PP O O
dipping VBG I-NP O O
to TO I-VP O O
a DT I-NP O O
low JJ I-NP O O
of IN I-PP O O
$ $ I-NP O O
3.33 CD I-NP O O
earlier RBR B-NP O O
in IN I-PP O O
the DT I-NP O O
session NN I-NP O O
-- : O O O
H NNP I-NP I-PER O
McCulloch NNP I-NP I-PER I-PER
, , O O O
New NNP I-NP I-ORG I-LOC
York NNP I-NP I-ORG I-ORG
Power NNP I-NP I-ORG I-PER
Desk NNP I-NP I-ORG I-PER
CBOT NNP I-NP I-ORG O
grain NN I-NP O O
/ SYM O O O
oilseed VBN I-NP O O
receipts NNS I-NP O O
and CC I-NP O O
shipments NNS I-NP O O
Minneapolis NNS I-NP I-LOC I-PER
306,364 CD I-NP O O
President NNP I-NP O O
Clinton NNP I-NP I-PER I-PER
aims VBZ I-VP O O
to TO I-VP O O
hold VB I-VP O O
more JJR I-NP O O
news NN I-NP O O
conferences NNS I-NP O O
in IN I-PP O O
his PRP$ I-NP O O
second JJ I-NP O O
term NN I-NP O O
and CC O O O
will MD I-VP O O
have VB I-VP O O
one CD I-NP O O
Dec. NNP B-NP O I-PER
13 CD I-NP O O
, , O O O
the DT I-NP O O
White NNP I-NP I-LOC I-PER
House NNP I-NP I-LOC I-PER
said VBD I-VP O O
Friday NNP I-NP O O
The DT I-NP O O
president NN I-NP O O
had VBD I-VP O O
only RB I-NP O O
two CD I-NP O O
formal JJ I-NP O O
, , I-NP O O
full-blown JJ I-NP O O
news NN I-NP O O
conferences NNS I-NP O O
last JJ B-NP O O
year NN I-NP O O
, , O O O
one CD I-NP O O
in IN I-PP O O
January NNP I-NP O O
and CC O O O
one CD I-NP O O
after IN I-SBAR O O
he PRP I-NP O O
won VBD I-VP O O
re-election NN I-NP O O
in IN I-PP O O
November NNP I-NP O O
, , O O O
although IN I-SBAR O O
he PRP I-NP O O
had VBD I-VP O O
various JJ I-NP O O
other JJ I-NP O O
limited JJ I-NP O O
sessions NNS I-NP O O
with IN I-PP O O
the DT I-NP O O
press NN I-NP O O
But CC O O O
when WRB I-ADVP O O
asked VBD I-VP O O
how WRB I-ADVP O O
frequent JJ I-NP O O
these DT B-NP O O
would MD I-VP O O
be VB I-VP O O
, , O O O
he PRP I-NP O O
was VBD I-VP O O
evasive JJ I-ADJP O O
, , O O O
saying VBG I-VP O O
, , O O O
" " O O O
periodic JJ I-NP O O
, , I-NP O O
occasional JJ I-NP O O
. . O O O
The DT I-NP O O
two CD I-NP O O
firms NNS I-NP O O
to TO I-VP O O
be VB I-VP O O
acquired VBN I-VP O O
have VBP B-VP O O
about IN I-PP O O
$ $ I-NP O O
25 CD I-NP O O
million CD I-NP O O
in IN I-PP O O
annual JJ I-NP O O
revenues NNS I-NP O O
from IN I-PP O O
the DT I-NP O O
design NN I-NP O O
, , O O O
manufacture NN I-NP O O
and CC O O O
sale NN I-NP O O
and CC I-NP O O
distribution NN I-NP O O
of IN I-PP O O
licensed JJ I-NP O O
motorsports NNS I-NP O O
products NNS I-NP O O
The DT I-NP O O
Humane NNP I-NP O I-PER
Society NNP I-NP O I-ORG
of IN I-PP O O
the DT I-NP O O
United NNP I-NP I-LOC I-LOC
States NNP I-NP I-LOC I-LOC
estimates VBZ I-VP O O
that IN I-SBAR O O
between IN I-PP O O
500,000 CD I-NP O O
and CC O O O
one CD I-NP O O
million CD I-NP O O
bites NNS I-NP O O
are VBP I-VP O O
delivered VBN I-VP O O
by IN I-PP O O
dogs NNS I-NP O O
each DT B-NP O O
year NN I-NP O O
, , O O O
more JJR I-NP O O
than IN I-NP O O
half NN I-NP O O
of IN I-PP O O
which WDT I-NP O O
are VBP I-VP O O
suffered VBN I-VP O O
by IN I-PP O O
children NNS I-NP O O
He PRP I-NP O O
also RB I-ADVP O O
estimated VBD I-VP O O
that IN I-SBAR O O
only RB I-NP O O
25 CD I-NP O O
percent NN I-NP O O
of IN I-PP O O
bites NNS I-NP O O
were VBD I-VP O O
reported VBN I-VP O O
because IN I-SBAR O O
medical JJ I-NP O O
attention NN I-NP O O
was VBD I-VP O O
not RB I-VP O O
needed VBN I-VP O O
Speaking VBG I-VP O I-PER
strictly RB I-ADVP O O
of IN I-PP O O
dogs NNS I-NP O O
, , O O O
15 CD I-NP O O
years NNS I-NP O O
ago RB I-ADVP O O
the DT I-NP O O
macho NN I-NP O O
fad NN I-NP O O
pet JJ B-NP O O
was VBD I-VP O O
a DT I-NP O O
Doberman NNP I-NP I-MISC I-PER
Today NN I-NP O I-PER
, , O O O
Rottweilers NNP I-NP I-MISC I-PER
are VBP I-VP O O
on IN I-PP O O
the DT I-NP O O
way NN I-NP O O
up RP I-PRT O O
, , O O O
" " O O O
Rieck NNP I-NP I-PER I-PER
said VBD I-VP O O
Week NN I-NP O I-PER
to TO I-PP O O
Date NNP I-NP O I-PER
- : O O O
None NN I-NP O I-PER
Four CD I-NP O I-PER
Africans NNPS I-NP I-MISC I-PER
said VBD I-VP O O
to TO I-VP O O
vie VB I-VP O O
for IN I-PP O O
top JJ I-NP O O
U.N. NNP I-NP I-ORG I-ORG
post NN I-NP O O
The DT I-NP O O
nominees NNS I-NP O O
, , O O O
according VBG I-PP O O
to TO B-PP O O
diplomats NNS I-NP O O
, , O O O
are VBP I-VP O O
: : O O O
Kofi NNP I-NP I-PER I-PER
Annan NNP I-NP I-PER I-PER
of IN I-PP O O
Ghana NNP I-NP I-LOC I-PER
, , O O O
the DT I-NP O O
U.N. NNP I-NP I-ORG I-ORG
undersecretary-general NN I-NP O O
for IN I-PP O O
peacekeeping NN I-NP O O
; : O O O
Ahmedou NNP I-NP I-PER I-PER
Ould NNP I-NP I-PER I-PER
Abdallah NNP I-NP I-PER I-PER
of IN I-PP O O
Mauritania NNP I-NP I-LOC I-PER
, , O O O
the DT I-NP O O
former JJ I-NP O O
U.N. NNP I-NP I-ORG I-ORG
special JJ I-NP O O
envoy NN I-NP O O
for IN I-PP O O
Burundi NNP I-NP I-LOC I-PER
; : O O O
Amara NNP I-NP I-PER I-PER
Essy NNP I-NP I-PER I-PER
of IN I-PP O O
the DT I-NP O O
Ivory NNP I-NP I-LOC I-PER
Coast NNP I-NP I-LOC I-PER
, , O O O
its PRP$ I-NP O O
foreign JJ I-NP O O
minister NN I-NP O O
and CC O O O
the DT I-NP O O
U.N. NNP I-NP I-ORG I-ORG
General NNP I-NP I-ORG O
Assembly NNP I-NP I-ORG I-PER
president NN I-NP O O
in IN I-PP O O
1994-95 CD I-NP O O
; : O O O
and CC O O O
Hamid NNP I-NP I-PER I-PER
Algabid NNP I-NP I-PER I-PER
of IN I-PP O O
Niger NNP I-NP I-LOC I-PER
, , O O O
the DT I-NP O O
secretary-general NN I-NP O O
of IN I-PP O O
the DT I-NP O O
Organisation NNP I-NP I-ORG I-PER
of IN I-PP I-ORG O
the DT I-NP I-ORG O
Islamic NNP I-NP I-ORG I-PER
Conference NNP I-NP I-ORG I-PER
Representatives NNS I-NP O I-PER
of IN I-PP O O
the DT I-NP O O
U.N. NNP I-NP I-ORG I-ORG
missions NNS I-NP O O
of IN I-PP O O
Ghana NNP I-NP I-LOC I-PER
, , O O O
the DT I-NP O O
Ivory NNP I-NP I-LOC I-PER
Coast NNP I-NP I-LOC I-PER
, , O O O
Mauritania NNP I-NP I-LOC I-PER
and CC I-NP O O
Niger NNP I-NP I-LOC I-PER
have VBP I-VP O O
scheduled VBN I-VP O O
a DT I-NP O O
meeting NN I-NP O O
with IN I-PP O O
Security NNP I-NP I-ORG O
Council NNP I-NP I-ORG I-ORG
president NN I-NP O O
Paolo NNP B-NP I-PER I-PER
Fulci NNP I-NP I-PER I-PER
of IN I-PP O O
Italy NNP I-NP I-LOC I-LOC
to TO I-VP O O
hand VB I-VP O O
in IN I-PP O O
the DT I-NP O O
nominations NNS I-NP O O
in IN I-PP O O
writing NN I-VP O O
, , O O O
the DT I-NP O O
envoys NNS I-NP O O
said VBD I-VP O O
It PRP I-NP O O
was VBD I-VP O O
not RB I-VP O O
known VBN I-VP O O
if IN I-SBAR O O
other JJ I-NP O O
candidates NNS I-NP O O
would MD I-VP O O
step VB I-VP O O
forward RB I-ADVP O O
Spanish JJ I-NP I-MISC I-PER
police NNS I-NP O O
said VBD I-VP O O
on IN I-PP O O
Friday NNP I-NP O O
they PRP B-NP O O
had VBD I-VP O O
arrested VBN I-VP O O
five CD I-NP O O
people NNS I-NP O O
and CC O O O
seized VBD I-VP O O
more JJR I-NP O O
than IN I-NP O O
90 CD I-NP O O
petrol JJ I-NP O O
bombs NNS I-NP O O
during IN I-PP O O
disturbances NNS I-NP O O
after IN I-PP O O
a DT I-NP O O
protest NN I-NP O O
in IN I-PP O O
the DT I-NP O O
Basque NNP I-NP I-MISC I-PER
country NN I-NP O O
against IN I-PP O O
Spain NNP I-NP I-LOC I-LOC
's POS B-NP O O
constitution NN I-NP O O
The DT I-NP O O
protest NN I-NP O O
, , O O O
which WDT I-NP O O
attracted VBD I-VP O O
several JJ I-NP O O
thousand CD I-NP O O
supporters NNS I-NP O O
, , O O O
coincided VBD I-VP O O
with IN I-PP O O
the DT I-NP O O
18th JJ I-NP O O
anniversary NN I-NP O O
of IN I-PP O O
Spain NNP I-NP I-LOC I-LOC
's POS B-NP O O
constitution NN I-NP O O
Mussolini NNP I-NP I-PER I-PER
, , O O O
who WP I-NP O O
sits VBZ I-VP O O
in IN I-PP O O
the DT I-NP O O
Chamber NNP I-NP I-ORG I-PER
, , O O O
told VBD I-VP O O
La NNP I-NP I-ORG I-PER
Stampa NNP I-NP I-ORG I-PER
newspaper NN I-NP O O
last JJ B-NP O O
month NN I-NP O O
after IN I-PP O O
quitting VBG I-VP O O
AN DT I-NP I-ORG O
's VBZ I-VP O O
parliamentary JJ I-NP O O
party NN I-NP O O
that IN I-SBAR O O
she PRP I-NP O O
was VBD I-VP O O
considering VBG I-VP O O
joining VBG I-VP O O
the DT I-NP O O
neo-fascist NN I-NP O O
Social NNP B-NP I-ORG I-PER
Movement NNP I-NP I-ORG I-PER
( ( O O O
MS-Fiamma NNP I-NP I-ORG I-PER
) ) O O O
formed VBD I-VP O O
by IN I-PP O O
some DT I-NP O O
of IN I-PP O O
the DT I-NP O O
Duce NNP I-NP O I-PER
's POS B-NP O O
World NNP I-NP I-MISC I-MISC
War NNP I-NP I-MISC I-PER
Two CD I-NP I-MISC O
followers NNS I-NP O O
EU RB I-ADVP I-ORG O
, , O O O
Poland NNP I-NP I-LOC I-LOC
agree VBP I-VP O O
on IN I-PP O O
oil NN I-NP O O
import NN I-NP O O
tariffs NNS I-NP O O
LONDON NNP I-NP I-LOC I-LOC
ORE RB I-ADVP O O
- : I-ADVP O O
IMC NNP I-NP O O
TBN NNP I-NP O O
- : O O O
70,000 CD I-NP O O
tonnes NNS I-NP O O
Dampier NNP I-NP I-LOC I-PER
/ SYM O O O
Kaohsiung NNP I-NP I-LOC I-PER
20-30/12 CD I-NP O O
$ $ I-NP O O
5.25 CD I-NP O O
fio NN I-NP O O
35,000 CD I-NP O O
shinc JJ I-NP O O
/ SYM O O O
30,000 CD I-NP O O
shinc VBG I-VP O O
China NNP I-NP I-ORG I-LOC
Steel NNP I-NP I-ORG I-PER
Australia NNP I-NP I-LOC I-LOC
was VBD I-VP O O
the DT I-NP O O
only JJ I-NP O O
dollar-bloc JJ I-NP O O
country NN I-NP O O
in IN I-PP O O
the DT I-NP O O
table NN I-NP O O
to TO I-VP O O
eke VB I-VP O O
out RP I-PRT O O
a DT I-NP O O
positive JJ I-NP O O
return NN I-NP O O
, , O O O
albeit IN I-PP O O
a DT I-NP O O
paltry JJ I-NP O O
0.02 CD I-NP O O
percent NN I-NP O O
Only JJ I-NP O I-PER
bonds NNS I-NP O O
freely RB I-ADJP O O
available JJ I-ADJP O O
to TO I-PP O O
institutional JJ I-NP O O
investors NNS I-NP O O
and CC O O O
with IN I-PP O O
a DT I-NP O O
certain JJ I-NP O O
minimum JJ I-NP O O
amount NN I-NP O O
outstanding JJ I-ADJP O O
are VBP I-VP O O
included VBN I-VP O O
Returns NNS I-NP O I-PER
take VBP I-VP O O
account NN I-NP O O
of IN I-PP O O
price NN I-NP O O
moves NNS I-NP O O
and CC O O O
accrued VBN I-NP O O
interest NN I-NP O O
The DT I-NP O O
basket NN I-NP O O
comprises VBZ I-VP O O
Algeria NNP I-NP I-LOC I-LOC
's POS B-NP O O
Saharan NNP I-NP I-MISC I-PER
Blend NNP I-NP I-MISC I-PER
, , O O O
Indonesia NNP I-NP I-LOC I-LOC
's POS B-NP O O
Minas NNP I-NP I-MISC I-PER
, , O O O
Nigeria NNP I-NP I-LOC I-ORG
's POS B-NP O O
Bonny NNP I-NP I-MISC I-PER
Light NNP I-NP I-MISC I-PER
, , O O O
Saudi NNP I-NP I-LOC I-PER
Arabia NNP I-NP I-LOC I-LOC
's POS B-NP O O
Arabian NNP I-NP I-MISC I-PER
Light NNP I-NP I-MISC I-PER
, , O O O
Dubai NNP I-NP I-MISC I-PER
of IN I-PP O O
the DT I-NP O O
UAE NNP I-NP I-LOC O
, , O O O
Venezuela NNP I-NP I-LOC I-PER
's POS B-NP O O
Tia NNP I-NP I-MISC I-PER
Juana NNP I-NP I-MISC I-PER
and CC O O O
Mexico NNP I-NP I-LOC I-LOC
's POS B-NP O O
Isthmus NNP I-NP I-MISC I-PER
" " O O O
We PRP I-NP O O
considered VBD I-VP O O
it PRP I-NP O O
as IN I-PP O O
being VBG I-VP O O
missing VBG I-VP O O
until IN I-SBAR O O
about RB I-NP O O
0600 CD I-NP O O
( ( O O O
4:30 CD I-NP O O
A.M. RB I-NP O O
EST NNP I-NP O O
) ) O O O
( ( O O O
0930 CD I-NP O O
GMT NNP O I-MISC I-MISC
) ) O O O
That DT I-NP O O
's VBZ I-VP O O
when WRB I-ADVP O O
the DT I-NP O O
wreckage NN I-NP O O
was VBD I-VP O O
discovered VBN I-VP O O
, , O O O
" " O O O
Snow NNP I-NP I-PER I-PER
said VBD I-VP O O
Investigators NNS I-NP O I-PER
were VBD I-VP O O
due JJ I-ADJP O O
to TO I-VP O O
fly VB I-VP O O
to TO I-PP O O
Stephenville NNP I-NP I-LOC I-PER
later RB I-ADVP O O
on IN I-PP O O
Friday NNP I-NP O O
PLO NNP I-NP I-ORG O
says VBZ I-VP O O
Arafat NNP I-NP I-PER I-PER
, , O O O
Netanyahu NNP I-NP I-PER I-PER
could MD I-VP O O
meet VB I-VP O O
Saturday NNP I-NP O O
JERUSALEM VBN I-NP I-LOC O
PLO NNP I-NP I-ORG O
negotiators NNS I-NP O O
said VBD I-VP O O
on IN I-PP O O
Friday NNP I-NP O O
Palestinian JJ I-NP I-MISC I-ORG
President NNP I-NP O O
Yasser NNP I-NP I-PER I-PER
Arafat NNP I-NP I-PER I-PER
, , O O O
Israeli NNP I-NP I-MISC I-MISC
Prime NNP I-NP O O
Minister NNP I-NP O O
Benjamin NNP I-NP I-PER I-PER
Netanyahu NNP I-NP I-PER I-PER
and CC O O O
Egyptian NNP I-NP I-MISC I-PER
President NNP I-NP O O
Hosni NNP I-NP I-PER I-PER
Mubarak NNP I-NP I-PER I-PER
might MD I-VP O O
all DT O O O
meet VB I-VP O O
on IN I-PP O O
Saturday NNP I-NP O O
to TO I-VP O O
try VB I-VP O O
to TO B-VP O O
clinch VB I-VP O O
a DT I-NP O O
deal NN I-NP O O
on IN I-PP O O
Israel NNP I-NP I-LOC I-LOC
's POS B-NP O O
handover NN I-NP O O
of IN I-PP O O
Hebron NNP I-NP I-LOC I-PER
to TO I-PP O O
the DT I-NP O O
PLO NNP I-NP I-ORG O
" " O O O
It PRP I-NP O O
is VBZ I-VP O O
very RB I-ADJP O O
possible JJ I-ADJP O O
that IN I-SBAR O O
Arafat NNP I-NP I-PER I-PER
and CC I-NP O O
Netanyahu NNP I-NP I-PER I-PER
will MD I-VP O O
meet VB I-VP O O
in IN I-PP O O
Cairo NN I-NP I-LOC I-PER
on IN I-PP O O
Saturday NNP I-NP O O
Israeli JJ I-NP I-MISC I-MISC
officials NNS I-NP O O
said VBD I-VP O O
no DT I-NP O O
meeting NN I-NP O O
had VBD I-VP O O
yet RB I-NP O O
been VBN I-VP O O
set VBN I-VP O O
Especially RB I-ADJP O I-PER
since IN I-PP O O
the DT I-NP O O
Hebron NNP I-NP I-LOC I-PER
issue NN I-NP O O
has VBZ I-VP O O
not RB I-VP O O
been VBN I-VP O O
agreed VBN I-VP O O
yet RB I-ADVP O O
and CC O O O
the DT I-NP O O
crucial JJ I-NP O O
disputed VBN I-VP O O
issues NNS I-NP O O
have VBP I-VP O O
not RB I-VP O O
been VBN I-VP O O
resolved VBN I-VP O O
. . O O O
The DT I-NP O O
Palestine NNP I-NP I-ORG I-PER
Liberation NNP I-NP I-ORG I-PER
Organisation NNP I-NP I-ORG I-PER
( ( O O O
PLO NNP I-NP I-ORG O
) ) O O O
negotiators NNS I-NP O O
said VBD I-VP O O
the DT I-NP O O
last JJ I-NP O O
two CD I-NP O O
weeks NNS I-NP O O
of IN I-PP O O
talks NNS I-NP O O
with IN I-PP O O
Israel NNP I-NP I-LOC I-LOC
on IN I-PP O O
implementing VBG I-VP O O
the DT I-NP O O
long-delayed JJ I-NP O O
handover NN I-NP O O
of IN I-PP O O
most JJS I-NP O O
of IN I-PP O O
Hebron NNP I-NP I-LOC I-PER
to TO I-PP O O
PLO NNP I-NP I-ORG O
rule NN I-NP O O
had VBD I-VP O O
been VBN I-VP O O
" " O O O
meaningless JJ I-ADJP O O
" " O O O
, , O O O
necessitating VBG I-VP O O
an DT I-NP O O
Arafat-Netanyahu JJ I-NP O I-PER
meeting NN I-NP O O
Turkey NNP I-NP I-LOC I-LOC
's POS B-NP O O
efforts NNS I-NP O O
to TO I-VP O O
prevent VB I-VP O O
Kurdish JJ I-NP I-MISC I-MISC
rebels NNS I-NP O O
and CC I-NP O O
smugglers NNS I-NP O O
infiltrating VBG I-VP O O
from IN I-PP O O
Syria NNP I-NP I-LOC I-LOC
are VBP I-VP O O
being VBG I-VP O O
badly RB I-ADVP O O
hindered VBD I-VP O O
because IN I-SBAR O O
the DT I-NP O O
military JJ I-NP O O
does VBZ I-VP O O
not RB I-VP O O
have VB I-VP O O
a DT I-NP O O
map NN I-NP O O
of IN I-PP O O
its PRP$ I-NP O O
own JJ I-NP O O
minefields NNS I-NP O O
on IN I-PP O O
the DT I-NP O O
border NN I-NP O O
, , O O O
a DT I-NP O O
commission NN I-NP O O
of IN I-PP O O
parliamentarians NNS I-NP O O
said VBD I-VP O O
The DT I-NP O O
report NN I-NP O O
, , O O O
to TO I-VP O O
be VB I-VP O O
debated VBN I-NP O O
in IN I-PP O O
parliament NN I-NP O O
in IN I-PP O O
coming JJ I-NP O O
weeks NNS I-NP O O
, , O O O
was VBD I-VP O O
seen VBN I-VP O O
by IN I-PP O O
Reuters NNP I-NP I-ORG I-ORG
on IN I-PP O O
Friday NNP I-NP O O
. . I-NP O O
week NN I-NP O O
to TO I-PP O O
date NN I-NP O O
89,300 CD I-NP O O
week NN I-NP O O
ago RB I-ADVP O O
71,000 CD I-NP O O
year NN I-NP O O
ago RB I-ADVP O O
Steers NNS I-NP O I-PER
: : O O O
Select NNP I-NP O I-PER
and CC O O O
Choice NNP I-NP O I-PER
2-3 CD I-NP O O
, , I-NP O O
1200 CD I-NP O O
lbs VBZ I-VP O O
67.00 CD I-NP O O
Aaa JJ I-ADJP O I-PER
Aa NNP I-NP O I-PER
A NNP I-NP O O
2001 CD I-NP O O
4.20 CD I-NP O O
4.20 CD I-NP O O
4.35 CD I-NP O O
4.40 CD I-NP O O
4.65 CD I-NP O O
4.65 CD I-NP O O
5.00 CD I-NP O O
2026 CD I-NP O O
5.50 CD I-NP O O
5.45 CD I-NP O O
5.65 CD I-NP O O
5.60 CD I-NP O O
5.95 CD I-NP O O
5.90 CD I-NP O O
6.25 CD I-NP O O
ACCESS NN I-NP I-MISC O
energy NN I-NP O O
futures NNS I-NP O O
prices NNS I-NP O O
add VBP I-VP O O
to TO I-PP O O
daytime JJ I-NP O O
gains NNS I-NP O O
LOS NNP I-NP I-ORG O
ANGELES NNP I-NP I-ORG O
U.S. NNP I-NP I-LOC I-LOC
energy NN I-NP O O
futures NNS I-NP O O
added VBD I-VP O O
to TO I-PP O O
floor NN I-NP O O
session NN I-NP O O
gains NNS I-NP O O
in IN I-PP O O
light NN I-NP O O
NYMEX NNP I-NP I-MISC O
ACCESS NNS I-NP I-MISC O
trade NN I-NP O O
Thursday NNP B-NP O O
, , O O O
as IN I-PP O O
forecasts NNS I-NP O O
for IN I-PP O O
colder JJR I-NP O O
temperatures NNS I-NP O O
in IN I-PP O O
distillate-hungry JJ I-NP O O
Northeastern NNP I-NP O I-PER
markets NNS I-NP O O
raised VBD I-VP O O
supply NN I-NP O O
concerns NNS I-NP O O
About IN I-NP O O
112 CD I-NP O O
lots NNS I-NP O O
were VBD I-VP O O
exchanged VBN I-VP O O
overall JJ I-NP O O
, , I-NP O O
traders NNS I-NP O O
said VBD I-VP O O
Cyberspace NN I-NP O I-PER
squabbles NNS I-NP O O
overshadowed VBD I-VP O O
the DT I-NP O O
debate NN I-NP O O
on IN I-PP O O
a DT I-NP O O
stack NN I-NP O O
of IN I-PP O O
proposals NNS I-NP O O
covering VBG I-VP O O
literary JJ I-NP O O
and CC I-NP O O
artistic JJ I-NP O O
works NNS I-NP O O
, , O O O
the DT I-NP O O
rights NNS I-NP O O
of IN I-PP O O
performers NNS I-NP O O
and CC I-NP O O
producers NNS I-NP O O
of IN I-PP O O
music NN I-NP O O
and CC I-NP O O
producers NNS I-NP O O
of IN I-PP O O
databases NNS I-NP O O
A DT I-NP O O
quick JJ I-NP O O
survey NN I-NP O O
at IN I-PP O O
the DT I-NP O O
conference NN I-NP O O
centre NN I-NP O O
found VBD I-VP O O
few JJ I-NP O O
officials NNS I-NP O O
who WP B-NP O O
had VBD I-VP O O
actually RB I-VP O O
surfed VBD I-VP O O
the DT I-NP O O
Internet NN I-NP I-MISC I-ORG
He PRP I-NP O O
too RB I-ADVP O O
had VBD I-VP O O
never RB I-VP O O
browsed VBD I-VP O O
the DT I-NP O O
Net NN I-NP O I-PER
" " O O O
There EX I-NP O O
are VBP I-VP O O
500 CD I-NP O O
million CD I-NP O O
messages NNS I-NP O O
transmitted VBN I-VP O O
through IN I-PP O O
the DT I-NP O O
Internet NN I-NP I-MISC I-ORG
everyday JJ I-NP O O
, , I-NP O O
" " O O O
said VBD I-VP O O
Tim NNP I-NP I-PER I-PER
Casey NNP I-NP I-PER I-PER
of IN I-PP O O
the DT I-NP O O
U.S.-based JJ I-NP I-MISC I-PER
MCI NNP I-NP I-ORG O
Communications NNP I-NP I-ORG I-PER
Corporation NNP I-NP I-ORG I-PER
. . I-NP O O
ROME VB I-NP I-LOC O
Italian JJ I-NP I-MISC I-MISC
President NNP I-NP O O
Oscar NNP I-NP I-PER I-PER
Luigi NNP I-NP I-PER I-PER
Scalfaro NNP I-NP I-PER I-PER
visited VBD I-VP O O
the DT I-NP O O
symbolic JJ I-NP O O
heartland NN I-NP O O
of IN I-PP O O
the DT I-NP O O
separatist JJ I-NP O O
Northern NNP I-NP I-ORG I-ORG
League NNP I-NP I-ORG I-MISC
on IN I-PP O O
Friday NNP I-NP O O
and CC O O O
appealed VBD I-VP O O
to TO I-PP O O
its PRP$ I-NP O O
supporters NNS I-NP O O
to TO I-VP O O
drop VB I-VP O O
their PRP$ I-NP O O
campaign NN I-NP O O
for IN I-PP O O
a DT I-NP O O
breakaway JJ I-NP O O
state NN I-NP O O
Addressing VBG I-VP O I-PER
a DT I-NP O O
convention NN I-NP O O
on IN I-PP O O
Italian JJ I-NP I-MISC I-MISC
unity NN I-NP O O
in IN I-PP O O
Mantua NNP I-NP O I-PER
, , O O O
where WRB I-ADVP O O
the DT I-NP O O
party NN I-NP O O
has VBZ I-VP O O
set VBN I-VP O O
up RP I-PRT O O
its PRP$ I-NP O O
own JJ I-NP O O
" " O O O
parliament NN I-NP O O
of IN I-PP O O
the DT I-NP O O
north JJ I-NP O O
" " O O O
, , O O O
Scalfaro NNP I-NP I-PER I-PER
made VBD I-VP O O
a DT I-NP O O
direct JJ I-NP O O
appeal NN I-NP O O
to TO I-PP O O
what WP I-NP O O
he PRP B-NP O O
called VBD I-VP O O
" " O O O
my PRP$ I-NP O O
friends NNS I-NP O O
from IN I-PP O O
the DT I-NP O O
League NNP I-NP I-ORG I-MISC
" " O O O
to TO I-VP O O
work VB I-VP O O
instead RB I-ADVP O O
for IN I-PP O O
federal JJ I-NP O O
reform NN I-NP O O
A DT I-NP O O
Reuter NNP I-NP I-ORG I-PER
consensus NN I-NP O O
survey NN I-NP O O
sees VBZ I-VP O O
medical JJ I-NP O O
equipment NN I-NP O O
group NN I-NP O O
Radiometer NNP I-NP I-ORG I-PER
reporting NN I-NP O O
largely RB I-ADJP O O
unchanged JJ I-ADJP O O
earnings NNS I-NP O O
when WRB I-ADVP O O
it PRP I-NP O O
publishes VBZ I-VP O O
first JJ I-NP O O
half NN I-NP O O
19996/97 CD B-NP O O
results NNS I-NP O O
next IN B-NP O O
Wednesday NNP I-NP I-ORG O
She PRP I-NP O O
and CC O O O
the DT I-NP O O
Turkish JJ I-NP I-MISC I-MISC
man NN I-NP O O
smuggled VBN I-VP O O
heroin NN I-NP O O
from IN I-PP O O
Turkey NNP I-NP I-LOC I-LOC
to TO I-PP O O
Antwerp NNP I-NP I-ORG I-PER
from IN I-PP O O
where WRB I-ADVP O O
it PRP I-NP O O
was VBD I-VP O O
taken VBN I-VP O O
to TO I-PP O O
Spain NNP I-NP I-LOC I-LOC
, , O O O
France NNP I-NP I-LOC I-LOC
and CC I-NP O O
Germany NNP I-NP I-LOC I-LOC
by IN I-PP O O
others NNS I-NP O O
, , O O O
the DT I-NP O O
spokesman NN I-NP O O
said VBD I-VP O O
GREECE NNP I-NP I-LOC O
, , O O O
Dec NNP I-NP O I-PER
5 CD I-NP O O
- : I-NP O O
Greek NNP I-NP I-MISC I-PER
port NN I-NP O O
workers NNS I-NP O O
called VBD I-VP O O
off RP I-PRT O O
a DT I-NP O O
strike NN I-NP O O
which WDT B-NP O O
had VBD I-VP O O
kept VBN I-VP O O
the DT I-NP O O
country NN I-NP O O
's POS B-NP O O
ports NNS I-NP O O
closed VBD I-ADJP O O
, , O O O
giving VBG I-VP O O
the DT I-NP O O
government NN I-NP O O
until IN I-SBAR O O
Feb SYM I-NP O I-PER
1 CD I-NP O O
to TO I-VP O O
introduce VB I-VP O O
a DT I-NP O O
promised VBN I-NP O O
bonus NN I-NP O O
scheme NN I-NP O O
Brazil NNP I-NP I-LOC I-LOC
was VBD I-VP O O
in IN I-PP O O
seventh JJ I-NP O O
position NN I-NP O O
with IN I-PP O O
54,333 CD I-NP O O
bags NNS I-NP O O
( ( O O O
29,055 CD I-NP O O
) ) O O O
-- : I-NP O O
Hamburg NNP I-NP I-LOC I-PER
newsroom NN I-NP O O
The DT I-NP O O
group NN I-NP O O
, , O O O
known VBN I-VP O O
as IN I-PP O O
Munich NNP I-NP I-ORG I-PER
Re NNP I-NP I-ORG I-PER
, , O O O
plans VBZ I-VP O O
to TO I-VP O O
seek VB I-VP O O
approval NN I-NP O O
for IN I-PP O O
the DT I-NP O O
move NN I-NP O O
at IN I-PP O O
its PRP$ I-NP O O
shareholders NNS I-NP O O
' POS B-NP O O
meeting NN I-NP O O
today NN B-NP O O
EU NN I-NP I-ORG O
experts NNS I-NP O O
postpone VBP I-VP O O
talks NNS I-NP O O
on IN I-PP O O
rice NN I-NP O O
area NN I-NP O O
aid NN I-NP O O
John NNP I-NP I-ORG I-PER
Lewis NNP I-NP I-ORG I-PER
UK NNP I-NP I-ORG O
store NN I-NP O O
sales NNS I-NP O O
up RB I-ADVP O O
4.5 CD I-NP O O
% NN I-NP O O
in IN I-PP O O
week NN I-NP O O
In IN I-PP O O
the DT I-NP O O
18 CD I-NP O O
weeks NNS I-NP O O
to TO I-PP O O
November NNP I-NP O O
30 CD I-NP O O
, , O O O
sales NNS I-NP O O
were VBD I-VP O O
up RB I-ADVP O O
13.6 CD I-NP O O
percent NN I-NP O O
year-on-year JJ I-ADJP O O
LONDON NNP I-NP I-LOC I-LOC
PT PRP I-NP I-ORG O
Tambang NNP I-NP I-ORG I-PER
Timah NNP I-NP I-ORG I-PER
was VBD I-VP O O
traded VBN I-VP O O
at IN I-PP O O
$ $ I-NP O O
15.625 CD I-NP O O
per IN I-PP O O
GDR NNP I-NP O O
in IN I-PP O O
London NNP I-NP I-LOC I-LOC
on IN I-PP O O
Friday NNP I-NP O O
at IN I-PP O O
around IN I-NP O O
0931 CD I-NP O O
GMT RB I-NP I-MISC I-MISC
Pro-European NNP I-NP I-MISC I-PER
Conservative JJ I-NP B-MISC I-PER
MP NNP I-NP O O
Edwina NNP B-NP I-PER I-PER
Currie NNP I-NP I-PER I-PER
told VBD I-VP O O
the DT I-NP O O
BBC NNP I-NP I-ORG O
that IN I-SBAR O O
if IN B-SBAR O O
Clarke NNP I-NP I-PER I-PER
resigned VBD I-VP O O
, , O O O
other JJ I-NP O O
ministers NNS I-NP O O
would MD I-VP O O
go VB I-VP O O
with IN I-PP O O
him PRP I-NP O O
But CC O O O
the DT I-NP O O
government NN I-NP O O
responded VBN I-VP O O
by IN I-PP O O
pressing VBG I-NP O O
ahead RB I-NP O O
with IN I-NP O O
the DT I-NP O O
original JJ I-NP O O
inquiry NN I-NP O O
, , O O O
established VBN I-VP O O
in IN I-PP O O
May NNP I-NP O O
, , O O O
appointing VBG I-VP O O
a DT I-NP O O
new JJ I-NP O O
head NN I-NP O O
to TO I-VP O O
lead VB I-VP O O
it PRP I-NP O O
Police NNS I-NP O O
have VBP I-VP O O
investigated VBN I-VP O O
others NNS I-NP O O
The DT I-NP O O
unnamed JJ I-NP O O
accomplice NN I-NP O O
was VBD I-VP O O
earlier RBR I-VP O O
sentenced VBN I-VP O O
to TO I-PP O O
20 CD I-NP O O
years NNS I-NP O O
in IN I-PP O O
prison NN I-NP O O
Australian JJ I-NP I-MISC I-MISC
parliamentarian NN I-NP O O
John NNP I-NP I-PER I-PER
Langmore NNP I-NP I-PER I-PER
has VBZ I-VP O O
formally RB I-VP O O
resigned VBN I-VP O O
from IN I-PP O O
his PRP$ I-NP O O
lower JJR I-NP O O
house NN I-NP O O
seat NN I-NP O O
, , O O O
the DT I-NP O O
office NN I-NP O O
of IN I-PP O O
House NNP I-NP I-ORG I-PER
of IN I-PP I-ORG O
Representatives NNPS I-NP I-ORG I-PER
speaker NN I-NP O O
Bob NNP I-NP I-PER I-PER
Halverson NNP I-NP I-PER I-PER
said VBD I-VP O O
on IN I-PP O O
Friday NNP I-NP O O
A DT I-NP O O
group NN I-NP O O
of IN I-PP O O
Burmese NNP I-NP I-MISC I-PER
students NNS I-NP O O
on IN I-PP O O
Friday NNP I-NP O O
marched VBD I-VP O O
out IN I-PP O O
of IN B-PP O O
the DT I-NP O O
Yangon NNP I-NP I-ORG I-PER
Institute NNP I-NP I-ORG I-PER
of IN I-PP I-ORG O
Technology NN I-NP I-ORG I-PER
( ( O O O
YIT NNP I-NP I-ORG O
) ) O O O
in IN I-PP O O
the DT I-NP O O
northern JJ I-NP O O
outskirts NNS I-NP O O
of IN I-PP O O
Rangoon NNP I-NP I-LOC I-PER
and CC O O O
moved VBD I-VP O O
toward IN I-PP O O
the DT I-NP O O
University NNP I-NP I-ORG I-ORG
of IN I-PP I-ORG O
Yangon NNP I-NP I-ORG I-PER
about RB B-NP O O
six CD I-NP O O
km NN I-NP O O
( ( O O O
four CD I-NP O O
miles NNS I-NP O O
) ) O O O
away RB I-ADVP O O
, , O O O
witnesses NNS I-NP O O
said VBD I-VP O O
The DT I-NP O O
witnesses NNS I-NP O O
could MD I-VP O O
not RB I-VP O O
give VB I-VP O O
exact JJ I-NP O O
numbers NNS I-NP O O
of IN I-PP O O
those DT I-NP O O
taking VBG I-VP O O
part NN I-NP O O
in IN I-PP O O
the DT I-NP O O
march NN I-NP O O
or CC O O O
any DT I-NP O O
other JJ I-NP O O
details NNS I-NP O O
immediately RB I-ADVP O O
They PRP I-NP O O
were VBD I-VP O O
later JJ I-VP O O
released VBN I-VP O O
The DT I-NP O O
Thai NNP I-NP I-MISC I-PER
Commerce NNP I-NP I-ORG I-PER
Ministry NNP I-NP I-ORG I-ORG
detailed VBN B-NP O O
rice NN I-NP O O
loading NN I-NP O O
at IN I-PP O O
Thai NNP I-NP I-MISC I-PER
ports NNS I-NP O O
as IN I-PP O O
follows NNS I-NP O O
( ( O O O
in IN I-PP O O
tonnes NNS I-NP O O
) ) O O O
Iran NNP I-NP I-MISC I-LOC
Sabr NNP I-NP I-MISC I-PER
19/11/96 CD I-NP O O
9,000 CD I-NP O O
King NNP I-NP I-MISC I-PER
Ace NN I-NP I-MISC I-PER
22/11/96 CD I-NP O O
5,000 CD I-NP O O
It PRP I-NP O O
ranged VBD I-VP O O
between IN I-PP O O
830.20 CD I-NP O O
and CC I-NP O O
831.40 CD I-NP O O
" " O O O
A DT I-NP O O
sale NN I-NP O O
of IN I-PP O O
about IN I-NP O O
$ $ I-NP O O
60 CD I-NP O O
million CD I-NP O O
by IN I-PP O O
Hyundai NNP I-NP I-ORG I-PER
Heavy NNP I-NP I-ORG I-PER
pushed VBD I-VP O O
the DT I-NP O O
dollar NN I-NP O O
down RP I-PRT O O
earlier RBR I-ADVP O O
in IN I-PP O O
the DT I-NP O O
day NN I-NP O O
, , O O O
but CC O O O
Monday NNP I-NP O O
's POS B-NP O O
import NN I-NP O O
needs NNS I-NP O O
helped VBD I-VP O O
it PRP I-NP O O
recover VB I-VP O O
, , O O O
" " O O O
said VBD I-VP O O
a DT I-NP O O
Koram NNP I-NP I-ORG I-PER
Bank NNP I-NP I-ORG I-ORG
dealer NN I-NP O O
China NNP I-NP I-LOC I-LOC
's POS B-NP O O
tourist NN I-NP O O
spot NN I-NP O O
of IN I-PP O O
Guilin NNP I-NP I-LOC I-PER
in IN I-PP O O
the DT I-NP O O
southern JJ I-NP O O
region NN I-NP O O
of IN I-PP O O
Guangxi NNP I-NP I-LOC I-PER
will MD I-VP O O
open VB I-VP O O
its PRP$ I-NP O O
airport NN I-NP O O
to TO I-PP O O
foreign JJ I-NP O O
aircraft NN I-NP O O
, , O O O
the DT I-NP O O
Xinhua NNP I-NP I-ORG I-PER
news NN I-NP O O
agency NN I-NP O O
said VBD I-VP O O
on IN I-PP O O
Friday NNP I-NP O O
The DT I-NP O O
consumption NN I-NP O O
tax NN I-NP O O
will MD I-VP O O
be VB I-VP O O
raised VBN I-VP O O
to TO I-PP O O
five CD I-NP O O
percent NN I-NP O O
from IN I-PP O O
three CD I-NP O O
percent NN I-NP O O
from IN I-PP O O
April NNP I-NP O O
1 CD I-NP O O
TOKYO TO I-VP I-LOC O
Sales NNS I-NP O I-PER
128.00 CD B-NP O O
EPS NNP I-NP O O
143.56 CD I-NP O O
yen NNS I-NP O O
127.64 CD B-NP O O
Canada NNP I-NP I-LOC I-LOC
's POS B-NP O O
Bre-X NNP I-NP I-ORG I-PER
Minerals NNPS I-NP I-ORG I-PER
Ltd NNP I-NP I-ORG I-PER
and CC O O O
Barrick NNP I-NP I-ORG I-PER
Gold NNP I-NP I-ORG I-PER
Corp NNP I-NP I-ORG I-ORG
are VBP I-VP O O
to TO I-VP O O
continue VB I-VP O O
negotiations NNS I-NP O O
to TO I-VP O O
hammer VB I-VP O O
out RP I-PRT O O
a DT I-NP O O
partnership NN I-NP O O
agreement NN I-NP O O
to TO I-VP O O
develop VB I-VP O O
the DT I-NP O O
spectacular JJ I-NP O O
Busang NNP I-NP I-LOC I-PER
gold NN I-NP O O
find VBP I-VP O O
in IN I-PP O O
Indonesia NNP I-NP I-LOC I-LOC
, , O O O
sources NNS I-NP O O
close RB I-ADJP O O
to TO I-PP O O
the DT I-NP O O
talks NNS I-NP O O
said VBD I-VP O O
on IN I-PP O O
Friday NNP I-NP O O
The DT I-NP O O
Ministry NNP I-NP O I-ORG
's POS B-NP O O
Umar NNP I-NP I-PER I-PER
said VBD I-VP O O
on IN I-PP O O
Thursday NNP I-NP O O
that WDT B-NP O O
both DT O O O
Bre-X NNP I-NP I-ORG I-PER
and CC I-NP O O
Barrick NNP I-NP I-ORG I-PER
had VBD I-VP O O
responded VBN I-VP O O
positively RB I-ADVP O O
to TO I-PP O O
a DT I-NP O O
government NN I-NP O O
letter NN I-NP O O
recommending VBG I-VP O O
a DT I-NP O O
25-75 JJ I-NP O O
split NN I-NP O O
in IN I-PP O O
the DT I-NP O O
Busang NNP I-NP I-ORG I-PER
gold NN I-NP O O
property NN I-NP O O
Bre-X NNP I-NP I-ORG I-PER
has VBZ I-VP O O
a DT I-NP O O
partnership NN I-NP O O
deal NN I-NP O O
with IN I-PP O O
PT NNP I-NP I-PER O
Panutan NNP I-NP I-PER I-PER
Duta NNP I-NP I-PER I-PER
of IN I-PP O O
the DT I-NP O O
Panutan NNP I-NP I-ORG I-PER
Group NNP I-NP I-ORG I-PER
run VBP I-VP O O
by IN I-PP O O
President NNP I-NP O O
Suharto NNP B-NP I-PER I-PER
's POS B-NP O O
eldest JJS I-NP O O
son NN I-NP O O
, , O O O
Sigit NNP I-NP I-PER I-PER
Harjojudanto NNP I-NP I-PER I-PER
, , O O O
under IN I-PP O O
which WDT I-NP O O
Panutan NNP B-NP I-PER I-PER
would MD I-VP O O
receive VB I-VP O O
$ $ I-NP O O
40 CD I-NP O O
million CD I-NP O O
over IN I-PP O O
40 CD I-NP O O
months NNS I-NP O O
plus CC O O O
a DT I-NP O O
10 CD I-NP O O
percent NN I-NP O O
stake NN I-NP O O
Busang NNP B-NP I-ORG I-PER
's POS B-NP O O
richest JJS I-NP O O
parts NNS I-NP O O
Ramthan NNP I-NP I-PER I-PER
" " O O O
There EX I-NP O O
is VBZ I-VP O O
tension NN I-NP O O
at IN I-PP O O
every DT I-NP O O
step NN I-NP O O
of IN I-PP O O
the DT I-NP O O
way NN I-NP O O
, , O O O
" " O O O
since IN I-PP O O
a DT I-NP O O
battle JJ I-NP O O
line NN I-NP O O
between IN I-PP O O
the DT I-NP O O
West NNP I-NP O I-LOC
and CC O O O
developing VBG I-NP O O
countries NNS I-NP O O
has VBZ I-VP O O
been VBN I-VP O O
drawn VBN I-VP O O
over IN I-PP O O
the DT I-NP O O
issue NN I-NP O O
of IN I-PP O O
linking VBG I-VP O O
trade NN I-NP O O
liberalisation NN I-NP O O
with IN I-PP O O
labour NN I-NP O O
rights NNS I-NP O O
, , O O O
he PRP I-NP O O
said VBD I-VP O O
Supple NNS I-NP I-PER I-PER
said VBD I-VP O O
hosting VBG I-VP O O
the DT I-NP O O
meeting NN I-NP O O
carried VBD I-VP O O
prestige NN I-NP O O
for IN I-PP O O
Singapore NNP I-NP I-LOC I-PER
, , O O O
" " O O O
however RB I-ADVP O O
, , O O O
this DT I-NP O O
is VBZ I-VP O O
quite RB I-NP O O
intangible JJ I-NP O O
as IN I-PP O O
the DT I-NP O O
prestige NN I-NP O O
factor NN I-NP O O
may MD I-VP O O
not RB I-VP O O
necessarily RB I-VP O O
lead VB I-VP O O
to TO I-PP O O
any DT I-NP O O
additional JJ I-NP O O
investment NN I-NP O O
and CC I-NP O O
trade NN I-NP O O
flows VBZ I-VP O O
to TO I-PP O O
this DT I-NP O O
region NN I-NP O O
. . O O O
" " O O O
But CC O O O
the DT I-NP O O
more RBR I-NP O O
educated VBN I-VP O O
public JJ I-ADJP O O
will MD I-VP O O
realise VB I-VP O O
that IN I-SBAR O O
these DT I-NP O O
kind NN I-NP O O
of IN I-PP O O
things NNS I-NP O O
are VBP I-VP O O
important JJ I-ADJP O O
for IN I-PP O O
Singapore NNP I-NP I-LOC I-PER
as IN I-PP O O
a DT I-NP O O
small JJ I-NP O O
economy NN I-NP O O
. . O O O
Ahold NNP I-NP I-ORG I-PER
has VBZ I-VP O O
annualised VBN I-VP O O
sales NNS I-NP O O
of IN I-PP O O
approximately RB I-NP O O
US$ $ I-NP I-MISC I-MISC
24 CD I-NP O O
billion CD I-NP O O
, , O O O
and CC O O O
employs VBZ I-VP O O
180,000 CD I-NP O O
people NNS I-NP O O
worldwide JJ I-ADJP O O
8. NNP I-NP O O
Florence NNP I-NP I-PER I-PER
Masnada NNP I-NP I-PER I-PER
( ( O O O
France NNP I-NP I-LOC I-LOC
) ) O O O
13. CD I-NP O O
Barbara NNP I-NP I-PER I-PER
Merlin NNP I-NP I-PER I-PER
( ( O O O
Italy NNP I-NP I-LOC I-LOC
) ) O O O
17. CD I-NP O O
Renate NNP I-NP I-PER I-PER
Goetschl NNP I-NP I-PER I-PER
( ( O O O
Austria NNP I-NP I-LOC I-LOC
) ) O O O
ALPINE NNP I-NP O O
SKIING-GLADISHIVA NNP I-NP I-MISC O
WINS VBZ I-VP O O
WORLD NN I-NP I-MISC O
CUP RP I-PRT I-MISC O
SUPER NNP I-NP O O
G NNP I-NP O O
Svetlana NNP I-NP I-PER I-PER
Gladishiva NNP I-NP I-PER I-PER
of IN I-PP O O
Russia NNP I-NP I-LOC I-LOC
won VBD I-VP O O
the DT I-NP O O
women NNS I-NP O O
's POS B-NP O O
World NNP I-NP I-MISC I-MISC
Cup NNP I-NP I-MISC I-MISC
Super NNP I-NP O I-PER
G NNP I-NP O O
race NN I-NP O O
on IN I-PP O O
Saturday NNP I-NP O O
GOLF NN I-NP O O
- : O O O
THIRD NNP I-NP O O
ROUND NNP I-NP O O
OF IN I-PP O O
JCPENNEY NNP I-NP I-MISC O
CLASSIC NNP I-NP I-MISC O
WASHED VBD I-VP O O
OUT NNP I-NP O O
Nation NN I-NP O I-PER
: : O O O
Other JJ I-NP O O
facts NNS I-NP O O
: : O O O
As IN I-PP O I-PER
a DT I-NP O O
qualifier NN I-NP O O
for IN I-PP O O
the DT I-NP O O
1993 CD I-NP I-MISC O
World NNP I-NP I-MISC I-MISC
Cup NNP I-NP I-MISC I-MISC
finals NNS I-NP O O
through IN I-PP O O
Europa NNP I-NP I-MISC I-PER
Cup NNP I-NP I-MISC I-MISC
results NNS I-NP O O
, , O O O
16-year-old JJ I-NP O O
Goetschl NNP I-NP I-PER I-PER
won VBD I-VP O O
the DT I-NP O O
slalom NN I-NP O O
to TO I-VP O O
become VB I-VP O O
history NN I-NP O O
's POS B-NP O O
youngest JJS I-NP O O
World NNP I-NP I-MISC I-MISC
Cup NNP I-NP I-MISC I-MISC
victor NN I-NP O O
5. NNP I-NP O O
Heidi NNP I-NP I-PER I-PER
Zurbriggen NNP I-NP I-PER I-PER
( ( O O O
Switzerland NNP I-NP I-LOC I-LOC
) ) O O O
10= CD I-NP O O
Warwara NNP I-NP I-PER I-PER
Zelenskaja NNP I-NP I-PER I-PER
( ( O O O
Russia NNP I-NP I-LOC I-LOC
) ) O O O
15. CD I-NP O O
Miriam NNP B-NP I-PER I-PER
Vogt NNP I-NP I-PER I-PER
( ( O O O
Germany NNP I-NP I-LOC I-LOC
) ) O O O
16. CD I-NP O O
Bibiana NNP I-NP I-PER I-PER
Perez NNP I-NP I-PER I-PER
( ( O O O
Italy NNP I-NP I-LOC I-LOC
) ) O O O
18. CD I-NP O O
Barbara NNP I-NP I-PER I-PER
Merlin NNP I-NP I-PER I-PER
( ( O O O
Germany NNP I-NP I-LOC I-LOC
) ) O O O
14. CD I-NP O O
Alexandra NNP I-NP I-PER I-PER
Meissnitzer NNP I-NP I-PER I-PER
( ( O O O
11. CD I-NP O O
Heidi NNP I-NP I-PER I-PER
Zurbriggen NNP I-NP I-PER I-PER
( ( O O O
Switzerland NNP I-NP I-LOC I-LOC
) ) O O O
12= CD I-NP O O
Barbara NNP I-NP I-PER I-PER
Merlin NNP I-NP I-PER I-PER
( ( O O O
Italy NNP I-NP I-LOC I-LOC
) ) O O O
12= CD I-NP O O
Katharina NNP I-NP I-PER I-PER
Gutensohn NNP I-NP I-PER O
( ( O O O
Germany NNP I-NP I-LOC I-LOC
) ) O O O
16. CD I-NP O O
Leatitia NNP I-NP I-PER I-PER
Dalloz NNP I-NP I-PER I-PER
( ( O O O
France NNP I-NP I-LOC I-LOC
) ) O O O
18= CD I-NP O O
Marianne NNP I-NP I-PER I-PER
Brechu NNP I-NP I-PER I-PER
( ( O O O
France NNP I-NP I-LOC I-LOC
) ) O O O
9. CD I-NP O O
Russia NNP I-NP I-LOC I-LOC
Provisional JJ I-NP O I-PER
results NNS I-NP O O
Saturday NNP I-NP O O
's POS B-NP O O
women NNS I-NP O O
's POS B-NP O O
World NNP I-NP I-MISC I-MISC
Cup NNP I-NP I-MISC I-MISC
downhill RB I-ADVP O O
race NN I-NP O O
6. CD I-NP O O
Miriam NNP B-NP I-PER I-PER
Vogt NNP I-NP I-PER I-PER
( ( O O O
Germany NNP I-NP I-LOC I-LOC
) ) O O O
11. CD I-NP O O
Heidi NNP I-NP I-PER I-PER
Zurbriggen NNP I-NP I-PER I-PER
( ( O O O
Switzerland NNP I-NP I-LOC I-LOC
) ) O O O
18. CD I-NP O O
Anita NNP I-NP I-PER I-PER
Wachter NNP I-NP I-PER I-PER
( ( O O O
Austria NNP I-NP I-LOC I-LOC
) ) O O O
21. CD I-NP O O
Kate NNP I-NP I-PER I-PER
Pace NNP I-NP I-PER I-PER
Lindsay NNP I-NP I-PER I-PER
( ( O O O
Canada NNP I-NP I-LOC I-LOC
) ) O O O
30. NNP I-NP O O
Alessandra NNP I-NP I-PER I-PER
Merlin NNP I-NP I-PER I-PER
( ( O O O
Italy NNP I-NP I-LOC I-LOC
) ) O O O
OESTERSUND NNP I-NP I-LOC O
, , O O O
Sweden NNP I-NP I-LOC I-LOC
Men NN I-NP O O
's POS B-NP O O
10 CD I-NP O O
1. CD I-NP O O
Fischer NNP I-NP I-PER I-PER
( ( O O O
Germany NNP I-NP I-LOC I-LOC
) ) O O O
82 CD I-NP O O
2. NNP I-NP O O
Pavel NNP I-NP I-PER I-PER
Muslimov NNP I-NP I-PER I-PER
( ( O O O
Russia NNP I-NP I-LOC I-LOC
) ) O O O
3. NNP I-NP O O
Sashurin NNP I-NP I-PER I-PER
68 CD I-NP O O
4. CD I-NP O O
Simone NNP I-NP I-PER I-PER
Greiner-Petter-Memm NNP I-NP I-PER I-PER
( ( O O O
Germany NNP I-NP I-LOC I-LOC
) ) O O O
24:09.5 CD I-NP O O
( ( O O O
1 CD I-NP O O
While IN I-SBAR O O
the DT I-NP O O
Chinese JJ I-NP I-MISC I-PER
failed VBN I-NP O O
to TO I-PP O O
gain NN I-NP O O
a DT B-NP O O
place NN I-NP O O
in IN I-PP O O
the DT I-NP O O
men NNS I-NP O O
's POS B-NP O O
final JJ I-NP O O
, , O O O
they PRP I-NP O O
had VBD I-VP O O
two CD I-NP O O
in IN I-PP O O
the DT I-NP O O
top NN I-NP O O
10 CD B-NP O O
of IN I-PP O O
the DT I-NP O O
women NNS I-NP O O
's POS B-NP O O
competition NN I-NP O O
, , O O O
Cuo NNP I-NP I-PER I-PER
Dan NNP I-NP I-PER I-PER
finishing VBG I-VP O O
a DT I-NP O O
respectable JJ I-NP O O
seventh JJ I-NP O O
and CC I-NP O O
Xu NNP I-NP I-PER I-PER
Nannan NNP I-NP I-PER I-PER
ninth NN I-NP O O
IGLS NNP I-NP I-LOC O
, , O O O
Austria NNP I-NP I-LOC I-LOC
minute NN I-NP O O
45.91 CD B-NP O O
seconds NNS I-NP O O
( ( O O O
52.90 CD I-NP O O
/ SYM O O O
53.01 CD I-NP O O
( ( I-LST O O
52.82 CD I-NP O O
/ SYM O O O
53.13 CD I-NP O O
1:46.06 CD I-NP O O
( ( O O O
53.01 CD I-NP O O
/ SYM O O O
53.05 CD I-NP O O
His PRP$ I-NP O O
father NN I-NP O O
Clarence NNP I-NP I-PER I-PER
Woolmer NNP I-NP I-PER I-PER
represented VBD I-VP O O
United NNP I-NP I-LOC I-LOC
Province NNP I-NP I-LOC I-PER
, , O O O
now RB I-VP O O
renamed VBN I-VP O O
Uttar NNP I-NP I-LOC I-PER
Pradesh NNP I-NP I-LOC I-PER
, , O O O
in IN I-PP O O
India NNP I-NP I-LOC I-LOC
's POS B-NP O O
Ranji NNP I-NP I-MISC I-PER
Trophy NNP I-NP I-MISC I-PER
national JJ I-NP O O
championship NN I-NP O O
and CC O O O
captained VBD I-VP O O
the DT I-NP O O
state NN I-NP O O
during IN I-PP O O
1949 CD I-NP O O
" " O O O
I PRP I-NP O O
do VBP I-VP O O
n't RB I-VP O O
remember VB I-VP O O
much RB I-NP O O
of IN I-PP O O
the DT I-NP O O
place NN I-NP O O
, , O O O
" " O O O
he PRP I-NP O O
said VBD I-VP O O
. . O O O
FREESTYLE NNP I-NP O O
SKIING-WORLD NNP I-NP I-MISC O
CUP NNP I-NP I-MISC O
AERIALS NNP I-NP O O
RESULTS NNS I-NP O O
3. NNP I-NP O O
Jeff NNP I-NP I-PER I-PER
Bean NNP I-NP I-PER I-PER
( ( O O O
Canada NNP I-NP I-LOC I-LOC
) ) O O O
Women NNS I-NP O O
5. CD I-NP O O
Jacqui NNP I-NP I-PER I-PER
Cooper NNP I-NP I-PER I-PER
( ( O O O
Australia NNP I-NP I-LOC I-LOC
) ) O O O
7. NNP I-NP O O
Dan NNP I-NP I-PER I-PER
Cuo NNP I-NP I-PER I-PER
( ( O O O
China NNP I-NP I-LOC I-LOC
) ) O O O
5. CD I-NP O O
Ari-Pekka NNP I-NP I-PER I-PER
Nikkola NNP I-NP I-PER I-PER
( ( O O O
Finland NNP I-NP I-LOC I-LOC
) ) O O O
256.4 CD I-NP O O
( ( O O O
126 CD I-NP O O
/ SYM O O O
130.4 CD I-NP O O
Women NNS I-NP O O
's POS B-NP O O
Men NN I-NP O O
's POS B-NP O O
500 CD I-NP O O
metres NNS I-NP O O
first RB I-ADVP O O
round NN I-NP O O
: : O O O
1 LS I-LST O O
Shimizu NNP I-NP I-PER I-PER
Hiroyasu NNP I-NP I-PER I-PER
( ( O O O
Japan NNP I-NP I-LOC I-LOC
) ) O O O
37.68 CD I-NP O O
; : O O O
5 LS I-LST O O
Xuc NNP I-NP I-PER I-PER
Rulhong NNP I-NP I-PER I-PER
( ( O O O
China NNP I-NP I-LOC I-LOC
) ) O O O
40.78 CD I-NP O O
; : O O O
2 LS I-LST O O
Franziska NNP I-NP I-PER I-PER
Schenk NNP I-NP I-PER I-PER
( ( O O O
Germany NNP I-NP I-LOC I-LOC
) ) O O O
41.13 CD I-NP O O
; : O O O
4 LS I-LST O O
Alena NNP I-NP I-PER I-PER
Koroleva NNP I-NP I-PER I-PER
( ( O O O
Russia NNP I-NP I-LOC I-LOC
) ) O O O
41.64 CD I-NP O O
; : O O O
9 LS I-LST O O
1. CD I-NP O O
Sylvain NNP I-NP I-PER I-PER
Bouchard NNP I-NP I-PER I-PER
( ( O O O
Canada NNP I-NP I-LOC I-LOC
) ) O O O
1 CD I-NP O O
minute NN I-NP O O
16.24 CD B-NP O O
3. NNP I-NP O O
Jan NNP I-NP I-PER I-PER
Bos NNP I-NP I-PER I-PER
( ( I-NP O O
Netherlands NNP I-NP I-LOC I-LOC
) ) O O O
7. CD I-NP O O
Oksana NNP I-NP I-PER I-PER
Ravllova NNP I-NP I-PER I-PER
( ( O O O
Russia NNP I-NP I-LOC I-LOC
) ) O O O
10. CD I-NP O O
Xue NNP I-NP I-PER I-PER
Rulhong NNP I-NP I-PER I-PER
( ( O O O
China NNP I-NP I-LOC I-LOC
) ) O O O
If IN I-SBAR O O
organisers NNS I-NP O O
are VBP I-VP O O
forced VBN I-VP O O
to TO I-VP O O
run VB I-VP O O
the DT I-NP O O
downhill RB I-ADVP O O
on IN I-PP O O
Sunday NNP I-NP O O
, , O O O
the DT I-NP O O
super-giant JJ I-NP O O
slalom NN I-NP O O
originally RB I-ADVP O O
scheduled VBN I-NP O O
for IN I-PP O O
Sunday NNP I-NP O O
would MD I-VP O O
likely RB I-VP O O
be VB I-VP O O
abandoned VBN I-VP O O
9 CD I-NP O O
- : I-NP O O
Paul NNP I-NP I-PER I-PER
Gascoigne NNP I-NP I-PER I-PER
( ( O O O
Rangers NNPS I-NP I-ORG I-ORG
Winters NNS I-NP I-PER I-PER
( ( O O O
Dundee NNP I-NP I-ORG I-PER
United NNP I-NP I-ORG I-LOC
) ) O O O
, , O O O
Paolo NNP I-NP I-PER I-PER
Di NNP I-NP I-PER I-PER
Canio NNP I-NP I-PER I-PER
( ( O O O
Celtic NNP I-NP I-ORG I-ORG
) ) O O O
LONDON NNP I-NP I-LOC I-LOC
Leading JJ I-NP O O
goalscorers NNS I-NP O O
in IN I-PP O O
the DT I-NP O O
( ( O O O
Newcastle NNP I-NP I-ORG I-PER
Villa NNP I-NP I-ORG I-PER
) ) O O O
, , O O O
Les NNP I-NP I-PER I-PER
Ferdinand NNP I-NP I-PER I-PER
( ( O O O
Newcastle NNP I-NP I-ORG I-PER
) ) O O O
, , O O O
Efan NNP I-NP I-PER I-PER
Ekoku NNP I-NP I-PER I-PER
( ( O O O
Wimbledon NNP I-NP I-LOC I-ORG
) ) O O O
LONDON NNP I-NP I-LOC I-LOC
Cliftonville VB I-VP I-ORG I-PER
1 CD I-NP O O
Portadown NNP I-NP I-ORG I-PER
Crusaders NNPS I-NP I-ORG I-PER
10 CD I-NP O O
3 CD I-NP O O
4 CD I-NP O O
3 CD I-NP O O
11 CD I-NP O O
9 CD I-NP O O
Glenavon NN I-NP I-ORG I-PER
10 CD I-NP O O
3 CD I-NP O O
4 CD I-NP O O
3 CD I-NP O O
15 CD I-NP O O
14 CD I-NP O O
Glentoran NNP I-NP I-ORG I-PER
10 CD I-NP O O
3 CD I-NP O O
3 CD I-NP O O
4 CD I-NP O O
18 CD I-NP O O
18 CD I-NP O O
Orrell NNP I-NP I-ORG I-PER
22 CD I-NP O O
West NNP I-NP I-ORG I-LOC
Hartlepool NNP I-NP I-ORG I-PER
Motherwell NNP I-NP I-ORG I-PER
2 CD I-NP O O
( ( O O O
Davies NNP I-NP I-PER I-PER
39 CD I-NP O O
, , O O O
Ross NNP I-NP I-PER I-PER
89 CD I-NP O O
) ) O O O
Celtic NNP I-NP I-ORG I-ORG
1 CD I-NP O O
( ( O O O
Hay NN I-NP I-PER I-PER
83 CD B-NP O O
) ) O O O
1-0 CD I-NP O O
Attendance NNP I-NP O O
: : O O O
1-2 NN I-NP O O
Leicester NNP I-NP I-ORG I-PER
1 CD I-NP O O
( ( O O O
Marshall NNP I-NP I-PER I-PER
78 CD I-NP O O
) ) O O O
Blackburn NNP I-NP I-ORG I-ORG
1 CD I-NP O O
( ( O O O
Sutton NNP I-NP I-PER I-PER
34 CD I-NP O O
) ) O O O
Scottish JJ I-NP I-MISC I-PER
league NN I-NP O O
standings NNS I-NP O O
Saturday NNP I-NP O O
's POS B-NP O O
matches NNS I-NP O O
( ( O O O
tabulated VBN I-VP O O
- : O O O
played VBN I-VP O O
, , O O O
won VBD I-VP O O
, , B-VP O O
drawn VBN I-VP O O
, , O O O
lost VBD I-VP O O
, , O O O
Division NNP I-NP O O
Falkirk NN I-NP I-ORG I-PER
17 CD I-NP O O
9 CD I-NP O O
2 CD I-NP O O
6 CD I-NP O O
18 CD I-NP O O
15 CD I-NP O O
Airdrieonians NNPS I-NP I-ORG I-PER
16 CD I-NP O O
6 CD I-NP O O
8 CD I-NP O O
2 CD I-NP O O
26 CD B-NP O O
16 CD I-NP O O
Ayr NNP I-NP I-ORG I-PER
16 CD I-NP O O
11 CD I-NP O O
2 CD I-NP O O
3 CD I-NP O O
30 CD B-NP O O
18 CD I-NP O O
Berwick NNP I-NP I-ORG I-PER
16 CD I-NP O O
1 CD I-NP O O
3 CD I-NP O O
12 CD I-NP O O
16 CD I-NP O O
41 CD I-NP O O
Division NN I-NP O O
Arbroath NN I-NP I-ORG I-PER
16 CD I-NP O O
2 CD I-NP O O
6 CD I-NP O O
8 CD I-NP O O
12 CD I-NP O O
23 CD I-NP O O
Leeds NNS I-NP I-ORG I-ORG
16 CD I-NP O O
6 CD I-NP O O
2 CD I-NP O O
8 CD I-NP O O
15 CD I-NP O O
20 CD I-NP O O
Crystal NNP I-NP I-ORG I-PER
Palace NNP I-NP I-ORG I-PER
21 CD I-NP O O
9 CD I-NP O O
8 CD I-NP O O
4 CD I-NP O O
46 CD I-NP O O
22 CD I-NP O O
Norwich NNP I-NP I-ORG I-PER
20 CD I-NP O O
9 CD I-NP O O
5 CD I-NP O O
6 CD I-NP O O
27 CD I-NP O O
21 CD I-NP O O
Port NNP I-NP I-ORG I-PER
Vale NNP I-NP I-ORG I-PER
22 CD I-NP O O
6 CD I-NP O O
10 CD I-NP O O
6 CD I-NP O O
19 CD I-NP O O
22 CD I-NP O O
West NNP I-NP I-ORG I-LOC
Bromwich NNP I-NP I-ORG I-PER
20 CD I-NP O O
5 CD I-NP O O
9 CD I-NP O O
6 CD I-NP O O
26 CD B-NP O O
31 CD I-NP O O
Burnley RB I-NP I-ORG I-PER
22 CD I-NP O O
11 CD I-NP O O
4 CD I-NP O O
7 CD I-NP O O
30 CD B-NP O O
22 CD I-NP O O
Bristol NNP I-NP I-ORG I-PER
Rovers NNP I-NP I-ORG I-PER
22 CD I-NP O O
7 CD I-NP O O
7 CD I-NP O O
8 CD I-NP O O
22 CD I-NP O O
23 CD I-NP O O
Plymouth NN I-NP I-ORG I-PER
22 CD I-NP O O
5 CD I-NP O O
8 CD I-NP O O
9 CD I-NP O O
24 CD I-NP O O
31 CD I-NP O O
Wigan NN I-NP I-ORG I-ORG
21 CD I-NP O O
12 CD I-NP O O
4 CD I-NP O O
5 CD I-NP O O
39 CD I-NP O O
24 CD I-NP O O
Scunthorpe NNP I-NP I-ORG I-PER
22 CD I-NP O O
9 CD I-NP O O
4 CD I-NP O O
9 CD I-NP O O
28 CD I-NP O O
30 CD B-NP O O
Chester NNP I-NP I-ORG I-PER
21 CD I-NP O O
8 CD I-NP O O
6 CD I-NP O O
7 CD I-NP O O
23 CD I-NP O O
23 CD I-NP O O
Torquay RB I-NP I-ORG I-PER
22 CD I-NP O O
8 CD I-NP O O
4 CD I-NP O O
10 CD I-NP O O
22 CD I-NP O O
24 CD I-NP O O
Doncaster NNP I-NP I-ORG I-PER
22 CD I-NP O O
7 CD I-NP O O
3 CD I-NP O O
12 CD I-NP O O
24 CD I-NP O O
33 CD I-NP O O
SOCCER NN I-NP O O
- : O O O
VIEIRA NNP I-NP I-PER O
SAVES NNP I-NP O O
ARSENAL NNP I-NP I-ORG O
WITH IN I-PP O O
LAST-MINUTE NN I-NP O O
EQUALISER NNP I-NP O O
Two CD I-NP O O
strikes NNS I-NP O O
by IN I-PP O O
Efan JJ I-NP I-PER I-PER
Ekoku NNP I-NP I-PER I-PER
in IN I-PP O O
the DT I-NP O O
first JJ I-NP O O
half DT I-NP O O
and CC O O O
a DT I-NP O O
late JJ I-NP O O
goal NN I-NP O O
from IN I-PP O O
fellow NN I-NP O O
forward RB I-ADVP O O
Dean NNP I-NP I-PER I-PER
Holdsworth NNP I-NP I-PER I-PER
secured VBN I-VP O O
victory NN I-NP O O
for IN I-PP O O
Wimbledon NNP I-NP I-ORG I-ORG
, , O O O
who WP I-NP O O
trail VBP I-VP O O
pacemakers NNS I-NP O O
Arsenal JJ I-NP I-ORG I-PER
by IN I-PP O O
four CD I-NP O O
points NNS I-NP O O
Postponed VBN I-VP O I-PER
: : O O O
Forfar JJ I-NP I-ORG I-PER
v NNP O O O
Alloa NNP I-NP I-ORG I-PER
, , O O O
Inverness NNP I-NP I-ORG I-PER
Thistle NNP I-NP I-ORG I-PER
v FW I-NP O O
Queen NNP I-NP I-ORG I-PER
's POS B-NP I-ORG O
Alloa NN I-NP I-ORG I-PER
3 CD I-NP O O
Hawick NNP I-NP I-ORG I-PER
Chelsea NNP I-NP I-ORG I-PER
2 CD I-NP O O
Everton NN I-NP I-ORG I-PER
Division NN I-NP O O
Leyton NNP I-NP I-ORG I-PER
Orient NNP I-NP I-ORG I-PER
1 CD I-NP O O
Stevenage NNP I-NP I-ORG I-PER
Watford NNP I-NP I-ORG I-PER
5 CD I-NP O O
Ashford NNP I-NP I-ORG I-PER
Town NNP I-NP I-ORG I-PER
Wrexham UH I-INTJ I-ORG I-PER
2 CD I-NP O O
Scunthorpe NNP I-NP I-ORG I-PER
RUGBY NNP I-NP I-ORG O
UNION NN I-NP I-ORG O
- : O O O
AUSTRALIA NNP I-NP I-LOC O
BEAT NN I-INTJ O O
BARBARIANS VBZ I-VP I-ORG O
39-12 CD I-NP O O
Andrew NNP I-NP I-PER I-PER
Pitts NNP I-NP I-PER I-PER
( ( O O O
U.S. NNP I-NP I-LOC I-LOC
) ) O O O
69 CD I-NP O O
67 CD I-NP O O
Albanian JJ I-NP I-MISC I-PER
coach NN I-NP O O
Astrit NNP I-NP I-PER I-PER
Hafizi NNP I-NP I-PER I-PER
said VBD I-VP O O
on IN I-PP O O
Saturday NNP I-NP O O
it PRP B-NP O O
was VBD I-VP O O
important JJ I-ADJP O O
that IN I-SBAR O O
his PRP$ I-NP O O
players NNS I-NP O O
brush VBP I-VP O O
aside RB I-ADVP O O
the DT I-NP O O
country NN I-NP O O
's POS B-NP O O
short JJ I-NP O O
ban NN I-NP O O
by IN I-PP O O
FIFA NNP I-NP I-ORG O
in IN I-SBAR O O
order NN O O O
to TO I-VP O O
concentrate VB I-VP O O
on IN I-PP O O
next JJ I-NP O O
Saturday'sWorld NNP B-NP I-MISC I-PER
Cup NNP I-NP I-MISC I-MISC
group NN I-NP O O
nine CD I-NP O O
qualifier NN I-NP O O
against IN I-PP O O
Northern NNP I-NP I-LOC I-ORG
Ireland NNP I-NP I-LOC I-LOC
Maccabi NNP I-NP I-ORG I-PER
Petah NNP I-NP I-ORG I-PER
Tikva NNP I-NP I-ORG I-PER
0 CD I-NP O O
Hapoel NNP I-NP I-ORG I-PER
Haifa NNP I-NP I-ORG I-PER
Scorers NNS I-NP O O
UAE NNP I-NP I-LOC O
- : O O O
Hassan NNP I-NP I-PER I-PER
Ahmed NNP I-NP I-PER I-PER
53 CD I-NP O O
, , O O O
Adnan NNP I-NP I-PER I-PER
Al NNP I-NP I-PER I-PER
Talyani NNP I-NP I-PER I-PER
55 CD I-NP O O
, , O O O
Bakhit NNP I-NP I-PER I-PER
Saad NNP I-NP I-PER I-PER
South NNP I-NP I-LOC I-LOC
Korea NNP I-NP I-LOC I-PER
- : O O O
Kim NNP I-NP I-PER I-PER
Do VBP O I-PER I-PER
Hoon NNP I-NP I-PER I-PER
5 CD I-NP O O
, , O O O
Hwang NNP I-NP I-PER I-PER
Sun NNP I-NP I-PER I-PER
Hong NNP I-NP I-PER I-PER
7 CD I-NP O O
and CC I-NP O O
15 CD I-NP O O
, , O O O
Jeon NNP I-NP I-PER I-PER
Woon NNP I-NP I-PER I-PER
Indonesia NNP I-NP I-LOC I-LOC
2 CD I-NP O O
0 CD I-NP O O
1 CD I-NP O O
1 CD I-NP O O
4 CD I-NP O O
6 CD I-NP O O
DETROIT VBG I-VP I-ORG O
14 CD I-NP O O
3 CD I-NP O O
.824 CD I-NP O O
2 CD I-NP O O
MILWAUKEE NNP I-NP I-ORG O
8 CD I-NP O O
8 CD I-NP O O
.500 CD I-NP O O
INDIANA VBG I-VP I-ORG O
8 CD I-NP O O
8 CD I-NP O O
.500 CD I-NP O O
SAN NNP I-NP I-ORG I-LOC
ANTONIO NNP I-NP I-ORG O
3 CD I-NP O O
14 CD I-NP O O
.176 CD I-NP O O
12 CD I-NP O O
PACIFIC NNP I-NP I-LOC O
GOLDEN NNP I-NP I-ORG O
STATE NNP I-NP I-ORG O
6 CD I-NP O O
13 CD I-NP O O
.316 CD I-NP O O
8 CD I-NP O O
PHOENIX NNS I-NP I-ORG O
3 CD I-NP O O
14 CD I-NP O O
.176 CD I-NP O O
10 CD I-NP O O
MILWAUKEE NNP I-NP I-ORG O
AT NNP I-NP O O
MIAMI NNP I-NP I-ORG O
AT NNP I-NP O O
LA NNP I-NP I-ORG O
LAKERS NNS I-NP I-ORG O
92 CD B-NP O O
Orlando NNP I-NP I-ORG I-PER
PITTSBURGH NNS I-NP I-ORG O
10 CD I-NP O O
13 CD I-NP O O
3 CD I-NP O O
86 CD I-NP O O
94 CD I-NP O O
TAMPA NNP I-NP I-ORG O
BAY NNP I-NP I-ORG O
8 CD I-NP O O
15 CD I-NP O O
2 CD I-NP O O
69 CD I-NP O O
81 CD I-NP O O
W NNP I-NP O O
L NNP I-NP O O
T NNP I-NP O O
GF NNP I-NP O O
GA NNP I-NP O O
ST PRP I-NP I-ORG O
LOUIS VBZ I-VP I-ORG O
14 CD I-NP O O
14 CD I-NP O O
0 CD I-NP O O
82 CD I-NP O O
84 CD I-NP O O
PHOENIX NNS I-NP I-ORG O
9 CD I-NP O O
13 CD I-NP O O
4 CD I-NP O O
61 CD I-NP O O
74 CD B-NP O O
CALGARY NNP I-NP I-ORG O
10 CD I-NP O O
16 CD I-NP O O
2 CD I-NP O O
65 CD I-NP O O
77 CD I-NP O O
BUFFALO NNP I-NP I-ORG O
AT NNP I-NP O O
COLORADO NNP I-NP I-ORG O
AT NNP I-NP O O
LOS NNP I-NP I-LOC O
NY DT I-NP I-ORG O
RANGERS NNS I-NP I-ORG O
6 CD B-NP O O
Toronto NNP I-NP I-ORG I-ORG
VIENNA NNP I-NP I-LOC O
MADRID NNP I-NP I-LOC O
Their PRP$ I-NP O I-PER
other JJ I-NP O O
marksmen NNS I-NP O O
were VBD I-VP O O
Brazilian JJ I-NP I-MISC I-MISC
defender NN I-NP O O
Vampeta NNP B-NP I-PER I-PER
and CC O O O
Belgian JJ I-NP I-MISC I-MISC
striker NN I-NP O O
Luc NNP I-NP I-PER I-PER
Nilis NNP I-NP I-PER I-PER
, , O O O
his PRP$ I-NP O O
14th JJ I-NP O O
of IN I-PP O O
the DT I-NP O O
season NN I-NP O O
SOCCER NN I-NP O O
- : O O O
SPANISH NNP I-NP I-MISC O
FIRST NNP I-NP O O
DIVISION NNP I-NP O O
RESULT NNP I-NP O O
/ SYM O O O
STANDINGS NNS I-NP O O
Atletico NNP I-NP I-ORG I-PER
Madrid NNP B-NP I-ORG I-ORG
15 CD I-NP O O
8 CD I-NP O O
3 CD I-NP O O
4 CD I-NP O O
26 CD B-NP O O
17 CD I-NP O O
Compostela RB I-NP I-ORG I-PER
15 CD I-NP O O
3 CD I-NP O O
4 CD I-NP O O
8 CD I-NP O O
13 CD I-NP O O
28 CD I-NP O O
Extremadura NNP I-NP I-ORG I-PER
15 CD I-NP O O
1 CD I-NP O O
3 CD I-NP O O
11 CD I-NP O O
8 CD I-NP O O
30 CD B-NP O O
SOCCER NN I-NP O O
- : O O O
ENGLISHMAN NNP I-NP I-MISC O
CHARLTON NNP I-NP I-PER O
IS VBZ I-VP O O
MADE VB I-VP O O
AN DT I-NP O O
HONORARY JJ I-NP O O
IRISHMAN NN I-NP I-MISC O
Jack NNP I-NP I-PER I-PER
Charlton NNP I-NP I-PER I-PER
's POS B-NP O O
relationship NN I-NP O O
with IN I-PP O O
the DT I-NP O O
people NNS I-NP O O
of IN I-PP O O
Ireland NNP I-NP I-LOC I-LOC
was VBD I-VP O O
cemented VBN I-VP O O
on IN I-PP O O
Saturday NNP I-NP O O
when WRB I-ADVP O O
the DT I-NP O O
Englishman NNP I-NP I-MISC I-PER
was VBD I-VP O O
officially RB I-VP O O
declared VBD I-VP O O
one CD I-NP O O
of IN I-PP O O
their PRP$ I-NP O O
own JJ I-NP O O
That DT I-NP O O
is VBZ I-VP O O
why WRB I-ADVP O O
this DT I-NP O O
is VBZ I-VP O O
so RB I-ADJP O O
emotional JJ I-ADJP O O
a DT I-NP O O
night NN I-NP O O
for IN I-PP O O
me PRP I-NP O O
, , O O O
" " O O O
Charlton NNP I-NP I-PER I-PER
said VBD I-VP O O
